
Allocating common symbols
Common symbol       size              file

Le_TSS              0x68              build/Release/MinGW_ELF-Windows/Init_TSS.o
Info_GDT            0x6               build/Release/MinGW_ELF-Windows/Init_GDT.o
Info_IDT            0x6               build/Release/MinGW_ELF-Windows/Init_IDT.o
Chaine_Temporaire_Char
                    0xc               build/Release/MinGW_ELF-Windows/Outils.o

Memory Configuration

Name             Origin             Length             Attributes
*default*        0x00000000         0xffffffff

Linker script and memory map

LOAD build/Release/MinGW_ELF-Windows/0-Noyau_Start.o
LOAD build/Release/MinGW_ELF-Windows/1-Noyau_Main.o
LOAD build/Release/MinGW_ELF-Windows/API.o
LOAD build/Release/MinGW_ELF-Windows/Allocation_Pages.o
LOAD build/Release/MinGW_ELF-Windows/Appels_Systeme.o
LOAD build/Release/MinGW_ELF-Windows/BitMap_Memoire.o
LOAD build/Release/MinGW_ELF-Windows/CallBack_Clavier.o
LOAD build/Release/MinGW_ELF-Windows/CallBack_Exception.o
LOAD build/Release/MinGW_ELF-Windows/CallBack_IRQ.o
LOAD build/Release/MinGW_ELF-Windows/CallBack_VIDEO.o
LOAD build/Release/MinGW_ELF-Windows/Commutation.o
LOAD build/Release/MinGW_ELF-Windows/Descripteurs.o
LOAD build/Release/MinGW_ELF-Windows/EXCEPTIONS.o
LOAD build/Release/MinGW_ELF-Windows/Ecran.o
LOAD build/Release/MinGW_ELF-Windows/HARD_8042_Clavier.o
LOAD build/Release/MinGW_ELF-Windows/HARD_8253_Timer.o
LOAD build/Release/MinGW_ELF-Windows/IRQ.o
LOAD build/Release/MinGW_ELF-Windows/Init_GDT.o
LOAD build/Release/MinGW_ELF-Windows/Init_IDT.o
LOAD build/Release/MinGW_ELF-Windows/Init_TSS.o
LOAD build/Release/MinGW_ELF-Windows/Ordonnanceur.o
LOAD build/Release/MinGW_ELF-Windows/Outils.o
LOAD build/Release/MinGW_ELF-Windows/PIC_8259A.o
LOAD build/Release/MinGW_ELF-Windows/Pagination.o
LOAD build/Release/MinGW_ELF-Windows/Processus.o
Address of section .text set to 0x100000
Address of section .data set to 0x200000
                0x08048000                PROVIDE (__executable_start, 0x8048000)
                0x08048074                . = (0x8048000 + SIZEOF_HEADERS)

.interp
 *(.interp)

.note.gnu.build-id
 *(.note.gnu.build-id)

.hash
 *(.hash)

.gnu.hash
 *(.gnu.hash)

.dynsym
 *(.dynsym)

.dynstr
 *(.dynstr)

.gnu.version
 *(.gnu.version)

.gnu.version_d
 *(.gnu.version_d)

.gnu.version_r
 *(.gnu.version_r)

.rel.dyn        0x08048074        0x0
 *(.rel.init)
 *(.rel.text .rel.text.* .rel.gnu.linkonce.t.*)
 .rel.text      0x00000000        0x0 build/Release/MinGW_ELF-Windows/0-Noyau_Start.o
 *(.rel.fini)
 *(.rel.rodata .rel.rodata.* .rel.gnu.linkonce.r.*)
 *(.rel.data.rel.ro* .rel.gnu.linkonce.d.rel.ro.*)
 *(.rel.data .rel.data.* .rel.gnu.linkonce.d.*)
 *(.rel.tdata .rel.tdata.* .rel.gnu.linkonce.td.*)
 *(.rel.tbss .rel.tbss.* .rel.gnu.linkonce.tb.*)
 *(.rel.ctors)
 *(.rel.dtors)
 *(.rel.got)
 *(.rel.bss .rel.bss.* .rel.gnu.linkonce.b.*)
 *(.rel.ifunc)

.rel.plt        0x08048074        0x0
 *(.rel.plt)
                0x08048074                PROVIDE (__rel_iplt_start, .)
 *(.rel.iplt)
 .rel.iplt      0x00000000        0x0 build/Release/MinGW_ELF-Windows/0-Noyau_Start.o
                0x08048074                PROVIDE (__rel_iplt_end, .)

.init
 *(.init)

.plt            0x08048074        0x0
 *(.plt)
 *(.iplt)
 .iplt          0x00000000        0x0 build/Release/MinGW_ELF-Windows/0-Noyau_Start.o

.text           0x00100000     0x2716
 *(.text.unlikely .text.*_unlikely)
 *(.text .stub .text.* .gnu.linkonce.t.*)
 .text          0x00100000       0x18 build/Release/MinGW_ELF-Windows/0-Noyau_Start.o
                0x00100000                _start
 *fill*         0x00100018        0x8 90909090
 .text          0x00100020      0x41e build/Release/MinGW_ELF-Windows/1-Noyau_Main.o
                0x00100020                Affiche_Informations_Boot
                0x001000a0                Affiche_Message
                0x00100110                Processus_Idle
                0x00100140                Processus_1
                0x00100170                Processus_2
                0x001001a0                Processus_3
                0x001001d0                OS_Main
                0x001003f0                OS_Start
 *fill*         0x0010043e        0x2 90909090
 .text          0x00100440       0x6c build/Release/MinGW_ELF-Windows/API.o
                0x00100440                API_clrscr
                0x00100460                API_puts
                0x00100480                API_Multi_Caractere
                0x001004a0                API_Attendre_Scan_Code
 *fill*         0x001004ac        0x4 90909090
 .text          0x001004b0      0x143 build/Release/MinGW_ELF-Windows/Allocation_Pages.o
                0x001004b0                Cherche_Page_Systeme_Libre
                0x00100500                Allouer_Pages
 *fill*         0x001005f3        0xd 90909090
 .text          0x00100600       0x24 build/Release/MinGW_ELF-Windows/Appels_Systeme.o
                0x00100600                Appel_Systeme_Video
                0x0010061a                Appel_Systeme_Clavier
 *fill*         0x00100624        0xc 90909090
 .text          0x00100630       0xc0 build/Release/MinGW_ELF-Windows/BitMap_Memoire.o
                0x00100630                Initialisation_BitMap_Memoire
 .text          0x001006f0       0x3e build/Release/MinGW_ELF-Windows/CallBack_Clavier.o
                0x001006f0                CallBack_INT_Clavier
 *fill*         0x0010072e        0x2 90909090
 .text          0x00100730      0x2cc build/Release/MinGW_ELF-Windows/CallBack_Exception.o
                0x00100730                Affiche_Message_Exception
                0x001007f0                CallBack_Erreur_Division
                0x00100820                CallBack_Mise_Au_Point
                0x00100840                CallBack_INT3
                0x00100860                CallBack_Debordement
                0x00100880                CallBack_Limite
                0x001008a0                CallBack_CodeOP_Invalide
                0x001008c0                CallBack_DNA
                0x001008e0                CallBack_Double_Faute
                0x00100900                CallBack_Depassement
                0x00100920                CallBack_TSS_Invalide
                0x00100940                CallBack_Segment_Non_Present
                0x00100960                CallBack_Segment_Pile
                0x00100980                CallBack_Violation_Protection
                0x001009a0                CallBack_Defaut_De_Page
                0x001009c0                CallBack_CoProcesseur
                0x001009e0                CallBack_Exception_Par_Defaut
 *fill*         0x001009fc        0x4 90909090
 .text          0x00100a00      0x248 build/Release/MinGW_ELF-Windows/CallBack_IRQ.o
                0x00100a00                CallBack_IRQ0
                0x00100a10                CallBack_IRQ1
                0x00100a90                CallBack_IRQ3
                0x00100ab0                CallBack_IRQ4
                0x00100ad0                CallBack_IRQ5
                0x00100af0                CallBack_IRQ6
                0x00100b10                CallBack_IRQ7
                0x00100b30                CallBack_IRQ8
                0x00100b50                CallBack_IRQ9
                0x00100b70                CallBack_IRQ10
                0x00100b90                CallBack_IRQ11
                0x00100bb0                CallBack_IRQ12
                0x00100bd0                CallBack_IRQ13
                0x00100bf0                CallBack_IRQ14
                0x00100c10                CallBack_IRQ15
                0x00100c30                CallBack_Defaut
 *fill*         0x00100c48        0x8 90909090
 .text          0x00100c50       0xf8 build/Release/MinGW_ELF-Windows/CallBack_VIDEO.o
                0x00100c50                CallBack_INT_Video
 *fill*         0x00100d48        0x8 90909090
 .text          0x00100d50       0x58 build/Release/MinGW_ELF-Windows/Commutation.o
                0x00100d50                Commuter_Processus
 *fill*         0x00100da8        0x8 90909090
 .text          0x00100db0      0x2bf build/Release/MinGW_ELF-Windows/Descripteurs.o
                0x00100db0                Configure_Descripteur_Segment
                0x00100fe0                Configure_Descripteur_Guichet
                0x00101030                Configure_TSS
 *fill*         0x0010106f        0x1 90909090
 .text          0x00101070      0x1b0 build/Release/MinGW_ELF-Windows/EXCEPTIONS.o
                0x00101070                Exception_Erreur_Division
                0x0010108b                Exception_Mise_Au_Point
                0x001010a6                Exception_INT3
                0x001010c1                Exception_Debordement
                0x001010dc                Exception_Limite
                0x001010f7                Exception_CodeOP_Invalide
                0x00101112                Exception_DNA
                0x0010112d                Exception_Double_Faute
                0x00101148                Exception_Depassement
                0x00101163                Exception_TSS_Invalide
                0x0010117e                Exception_Segment_Non_Present
                0x00101199                Exception_Segment_Pile
                0x001011b4                Exception_Violation_Protection
                0x001011cf                Exception_Defaut_De_Page
                0x001011ea                Exception_CoProcesseur
                0x00101205                Exception_Par_Defaut
 .text          0x00101220      0x722 build/Release/MinGW_ELF-Windows/Ecran.o
                0x00101220                Efface_Ecran
                0x00101270                Remplir_Ecran
                0x001012d0                Defilement_Haut
                0x00101330                Positionne_Curseur
                0x00101350                Affiche_Curseur
                0x00101390                Repositionne_Curseur
                0x00101420                Affiche_Caractere
                0x00101590                Affiche_Chaine
                0x00101770                Regle_Couleur
                0x00101780                Donne_Curseur_X
                0x00101790                Donne_Curseur_Y
                0x001017a0                Affiche_Liste_Caracteres
 *fill*         0x00101942        0xe 90909090
 .text          0x00101950       0x24 build/Release/MinGW_ELF-Windows/HARD_8042_Clavier.o
                0x00101950                Lecture_Scan_Code
                0x00101953                Attendre_Scan_Code
                0x0010195e                Attendre_Touche_Relache
 *fill*         0x00101974        0xc 90909090
 .text          0x00101980       0x1c build/Release/MinGW_ELF-Windows/HARD_8253_Timer.o
                0x00101980                Initialisation_8253
 *fill*         0x0010199c        0x4 90909090
 .text          0x001019a0      0x180 build/Release/MinGW_ELF-Windows/IRQ.o
                0x001019a0                Interruption_IRQ0
                0x001019b8                Interruption_IRQ1
                0x001019d0                Interruption_IRQ3
                0x001019e8                Interruption_IRQ4
                0x00101a00                Interruption_IRQ5
                0x00101a18                Interruption_IRQ6
                0x00101a30                Interruption_IRQ7
                0x00101a48                Interruption_IRQ8
                0x00101a60                Interruption_IRQ9
                0x00101a78                Interruption_IRQ10
                0x00101a90                Interruption_IRQ11
                0x00101aa8                Interruption_IRQ12
                0x00101ac0                Interruption_IRQ13
                0x00101ad8                Interruption_IRQ14
                0x00101af0                Interruption_IRQ15
 .text          0x00101b20      0x13e build/Release/MinGW_ELF-Windows/Init_GDT.o
                0x00101b20                Intialisation_Descripteurs_Noyau
                0x00101bb0                Initialisation_Descripteurs_Utilisateurs
                0x00101c20                Initialisation_GDT
 *fill*         0x00101c5e        0x2 90909090
 .text          0x00101c60      0x16f build/Release/MinGW_ELF-Windows/Init_IDT.o
                0x00101c60                Configuration_Descripteurs_Exceptions
                0x00101cc0                Configuration_Descripteurs_IRQ
                0x00101d20                Configuration_Descripteurs_INT_Logicielles
                0x00101d70                Initialisation_IDT
 *fill*         0x00101dcf        0x1 90909090
 .text          0x00101dd0       0x7e build/Release/MinGW_ELF-Windows/Init_TSS.o
                0x00101dd0                Initialisation_TSS
 *fill*         0x00101e4e        0x2 90909090
 .text          0x00101e50      0x183 build/Release/MinGW_ELF-Windows/Ordonnanceur.o
                0x00101e50                Ordonnanceur
                0x00101f80                Donne_La_Main_Au_Processus
 *fill*         0x00101fd3        0xd 90909090
 .text          0x00101fe0      0x12a build/Release/MinGW_ELF-Windows/Outils.o
                0x00101fe0                Taille_Chaine
                0x00102000                Entier_Vers_Chaine
                0x00102050                Entier_Vers_Chaine_Hexa
                0x001020d0                Copier_Memoire
                0x001020f0                Initialise_Memoire
 *fill*         0x0010210a        0x6 90909090
 .text          0x00102110       0x43 build/Release/MinGW_ELF-Windows/PIC_8259A.o
                0x00102110                Inititialisation_8259A
 *fill*         0x00102153        0xd 90909090
 .text          0x00102160      0x3e4 build/Release/MinGW_ELF-Windows/Pagination.o
                0x00102160                Creation_Tables_Pages_Process
                0x001021e0                Configuration_Repertoire_Tables_OS
                0x00102270                Configuration_Tables_De_Pages_OS
                0x00102320                Donne_Adresse_Tables_Pages_Process
                0x00102340                Donne_Adresse_Physique
                0x001023a0                Associer_Virtuel_Physique
                0x001024b0                Initialisation_Tables_Pages_Process
                0x00102520                Initialisation_Pagination
 *fill*         0x00102544        0xc 90909090
 .text          0x00102550      0x1c6 build/Release/MinGW_ELF-Windows/Processus.o
                0x00102550                Initialisation_Info_Processus
                0x001025a0                Donne_Info_Processus
                0x001025c0                Charge_Processus
                0x001026e0                Copier_Memoire_Process
 *(.gnu.warning)

.fini
 *(.fini)
                0x00102716                PROVIDE (__etext, .)
                0x00102716                PROVIDE (_etext, .)
                0x00102716                PROVIDE (etext, .)

.rodata         0x00102718      0x59e
 *(.rodata .rodata.* .gnu.linkonce.r.*)
 .rodata.str1.1
                0x00102718       0xdf build/Release/MinGW_ELF-Windows/1-Noyau_Main.o
 *fill*         0x001027f7        0x1 00
 .rodata.str1.4
                0x001027f8      0x203 build/Release/MinGW_ELF-Windows/1-Noyau_Main.o
 .rodata.str1.1
                0x001029fb       0x38 build/Release/MinGW_ELF-Windows/Allocation_Pages.o
 .rodata.str1.1
                0x00102a33       0x1f build/Release/MinGW_ELF-Windows/BitMap_Memoire.o
 *fill*         0x00102a52        0x2 00
 .rodata.str1.4
                0x00102a54       0x28 build/Release/MinGW_ELF-Windows/BitMap_Memoire.o
                                 0x25 (size before relaxing)
 .rodata.str1.1
                0x00102a7c      0x118 build/Release/MinGW_ELF-Windows/CallBack_Exception.o
                                0x11b (size before relaxing)
 .rodata.str1.1
                0x00102b94       0x63 build/Release/MinGW_ELF-Windows/CallBack_IRQ.o
 *fill*         0x00102bf7        0x1 00
 .rodata        0x00102bf8       0x14 build/Release/MinGW_ELF-Windows/CallBack_VIDEO.o
 .rodata.str1.1
                0x00102c0c       0x2c build/Release/MinGW_ELF-Windows/Descripteurs.o
 .rodata.str1.1
                0x00102c38       0x7e build/Release/MinGW_ELF-Windows/Pagination.o
                                 0x80 (size before relaxing)

.rodata1
 *(.rodata1)

.eh_frame_hdr
 *(.eh_frame_hdr)

.eh_frame
 *(.eh_frame)

.gcc_except_table
 *(.gcc_except_table .gcc_except_table.*)
                0x00102cb6                . = (ALIGN (0x1000) - ((0x1000 - .) & 0xfff))
                0x00103000                . = (0x1000 DATA_SEGMENT_ALIGN 0x1000)

.eh_frame
 *(.eh_frame)

.gcc_except_table
 *(.gcc_except_table .gcc_except_table.*)

.tdata
 *(.tdata .tdata.* .gnu.linkonce.td.*)

.tbss
 *(.tbss .tbss.* .gnu.linkonce.tb.*)
 *(.tcommon)

.preinit_array  0x00103000        0x0
                0x00103000                PROVIDE (__preinit_array_start, .)
 *(.preinit_array)
                0x00103000                PROVIDE (__preinit_array_end, .)

.init_array     0x00103000        0x0
                0x00103000                PROVIDE (__init_array_start, .)
 *(SORT(.init_array.*))
 *(.init_array)
                0x00103000                PROVIDE (__init_array_end, .)

.fini_array     0x00103000        0x0
                0x00103000                PROVIDE (__fini_array_start, .)
 *(SORT(.fini_array.*))
 *(.fini_array)
                0x00103000                PROVIDE (__fini_array_end, .)

.ctors
 *crtbegin.o(.ctors)
 *crtbegin?.o(.ctors)
 *(EXCLUDE_FILE(*crtend?.o *crtend.o) .ctors)
 *(SORT(.ctors.*))
 *(.ctors)

.dtors
 *crtbegin.o(.dtors)
 *crtbegin?.o(.dtors)
 *(EXCLUDE_FILE(*crtend?.o *crtend.o) .dtors)
 *(SORT(.dtors.*))
 *(.dtors)

.jcr
 *(.jcr)

.data.rel.ro
 *(.data.rel.ro.local* .gnu.linkonce.d.rel.ro.local.*)
 *(.data.rel.ro* .gnu.linkonce.d.rel.ro.*)

.dynamic
 *(.dynamic)

.got
 *(.got)
 *(.igot)
                0x00103000                . = (. DATA_SEGMENT_RELRO_END 0xc)

.got.plt        0x00103000        0x0
 *(.got.plt)
 *(.igot.plt)
 .igot.plt      0x00000000        0x0 build/Release/MinGW_ELF-Windows/0-Noyau_Start.o

.data           0x00200000      0x13c
 *(.data .data.* .gnu.linkonce.d.*)
 .data          0x00200000        0x0 build/Release/MinGW_ELF-Windows/1-Noyau_Main.o
 .data          0x00200000        0x0 build/Release/MinGW_ELF-Windows/API.o
 .data          0x00200000        0x0 build/Release/MinGW_ELF-Windows/Allocation_Pages.o
 .data          0x00200000        0x4 build/Release/MinGW_ELF-Windows/BitMap_Memoire.o
                0x00200000                Nombre_Pages_Libres
 .data          0x00200004        0x0 build/Release/MinGW_ELF-Windows/CallBack_Clavier.o
 .data          0x00200004        0x0 build/Release/MinGW_ELF-Windows/CallBack_Exception.o
 .data          0x00200004        0x0 build/Release/MinGW_ELF-Windows/CallBack_IRQ.o
 .data          0x00200004        0x0 build/Release/MinGW_ELF-Windows/CallBack_VIDEO.o
 .data          0x00200004        0x0 build/Release/MinGW_ELF-Windows/Descripteurs.o
 .data          0x00200004        0xc build/Release/MinGW_ELF-Windows/Ecran.o
                0x00200004                Attribut_Actuel
                0x00200008                Map_Video
                0x0020000c                Video
 .data          0x00200010        0x0 build/Release/MinGW_ELF-Windows/Init_GDT.o
 *fill*         0x00200010       0x10 00
 .data          0x00200020      0x118 build/Release/MinGW_ELF-Windows/Init_IDT.o
                0x00200020                Association_INT
                0x00200040                Association_IRQ
                0x002000c0                Association_Exception
 .data          0x00200138        0x0 build/Release/MinGW_ELF-Windows/Init_TSS.o
 .data          0x00200138        0x4 build/Release/MinGW_ELF-Windows/Ordonnanceur.o
                0x00200138                Periode_Ordonnanceur
 .data          0x0020013c        0x0 build/Release/MinGW_ELF-Windows/Outils.o
 .data          0x0020013c        0x0 build/Release/MinGW_ELF-Windows/PIC_8259A.o
 .data          0x0020013c        0x0 build/Release/MinGW_ELF-Windows/Pagination.o
 .data          0x0020013c        0x0 build/Release/MinGW_ELF-Windows/Processus.o

.data1
 *(.data1)
                0x0020013c                _edata = .
                0x0020013c                PROVIDE (edata, .)
                0x0020013c                __bss_start = .

.bss            0x00200140       0x94
 *(.dynbss)
 *(.bss .bss.* .gnu.linkonce.b.*)
 .bss           0x00200140        0x0 build/Release/MinGW_ELF-Windows/1-Noyau_Main.o
 .bss           0x00200140        0x0 build/Release/MinGW_ELF-Windows/API.o
 .bss           0x00200140        0x0 build/Release/MinGW_ELF-Windows/Allocation_Pages.o
 .bss           0x00200140        0x0 build/Release/MinGW_ELF-Windows/BitMap_Memoire.o
 .bss           0x00200140        0x0 build/Release/MinGW_ELF-Windows/CallBack_Clavier.o
 .bss           0x00200140        0x0 build/Release/MinGW_ELF-Windows/CallBack_Exception.o
 .bss           0x00200140        0x0 build/Release/MinGW_ELF-Windows/CallBack_IRQ.o
 .bss           0x00200140        0x0 build/Release/MinGW_ELF-Windows/CallBack_VIDEO.o
 .bss           0x00200140        0x0 build/Release/MinGW_ELF-Windows/Descripteurs.o
 .bss           0x00200140        0x2 build/Release/MinGW_ELF-Windows/Ecran.o
                0x00200140                ECRAN_Curseur_Y
                0x00200141                ECRAN_Curseur_X
 *fill*         0x00200142        0x2 00
 .bss           0x00200144        0x0 build/Release/MinGW_ELF-Windows/Init_GDT.o
 .bss           0x00200144        0x0 build/Release/MinGW_ELF-Windows/Init_IDT.o
 .bss           0x00200144        0x0 build/Release/MinGW_ELF-Windows/Init_TSS.o
 .bss           0x00200144        0x8 build/Release/MinGW_ELF-Windows/Ordonnanceur.o
                0x00200144                Compteur_Tic_Ordonnanceur
                0x00200148                Numero_Process_Courrant
 .bss           0x0020014c        0x0 build/Release/MinGW_ELF-Windows/Outils.o
 .bss           0x0020014c        0x0 build/Release/MinGW_ELF-Windows/PIC_8259A.o
 .bss           0x0020014c        0x0 build/Release/MinGW_ELF-Windows/Pagination.o
 .bss           0x0020014c        0x0 build/Release/MinGW_ELF-Windows/Processus.o
 *(COMMON)
 COMMON         0x0020014c        0x6 build/Release/MinGW_ELF-Windows/Init_GDT.o
                0x0020014c                Info_GDT
 COMMON         0x00200152        0x6 build/Release/MinGW_ELF-Windows/Init_IDT.o
                0x00200152                Info_IDT
 *fill*         0x00200158        0x8 00
 COMMON         0x00200160       0x68 build/Release/MinGW_ELF-Windows/Init_TSS.o
                0x00200160                Le_TSS
 COMMON         0x002001c8        0xc build/Release/MinGW_ELF-Windows/Outils.o
                0x002001c8                Chaine_Temporaire_Char
                0x002001d4                . = ALIGN ((. != 0x0)?0x4:0x1)
                0x002001d4                . = ALIGN (0x4)
                0x002001d4                . = ALIGN (0x4)
                0x002001d4                _end = .
                0x002001d4                PROVIDE (end, .)
                0x002001d4                . = DATA_SEGMENT_END (.)

.stab
 *(.stab)

.stabstr
 *(.stabstr)

.stab.excl
 *(.stab.excl)

.stab.exclstr
 *(.stab.exclstr)

.stab.index
 *(.stab.index)

.stab.indexstr
 *(.stab.indexstr)

.comment        0x00000000       0x21
 *(.comment)
 .comment       0x00000000       0x21 build/Release/MinGW_ELF-Windows/1-Noyau_Main.o
                                 0x22 (size before relaxing)
 .comment       0x00000000       0x22 build/Release/MinGW_ELF-Windows/API.o
 .comment       0x00000000       0x22 build/Release/MinGW_ELF-Windows/Allocation_Pages.o
 .comment       0x00000000       0x22 build/Release/MinGW_ELF-Windows/BitMap_Memoire.o
 .comment       0x00000000       0x22 build/Release/MinGW_ELF-Windows/CallBack_Clavier.o
 .comment       0x00000000       0x22 build/Release/MinGW_ELF-Windows/CallBack_Exception.o
 .comment       0x00000000       0x22 build/Release/MinGW_ELF-Windows/CallBack_IRQ.o
 .comment       0x00000000       0x22 build/Release/MinGW_ELF-Windows/CallBack_VIDEO.o
 .comment       0x00000000       0x22 build/Release/MinGW_ELF-Windows/Descripteurs.o
 .comment       0x00000000       0x22 build/Release/MinGW_ELF-Windows/Ecran.o
 .comment       0x00000000       0x22 build/Release/MinGW_ELF-Windows/Init_GDT.o
 .comment       0x00000000       0x22 build/Release/MinGW_ELF-Windows/Init_IDT.o
 .comment       0x00000000       0x22 build/Release/MinGW_ELF-Windows/Init_TSS.o
 .comment       0x00000000       0x22 build/Release/MinGW_ELF-Windows/Ordonnanceur.o
 .comment       0x00000000       0x22 build/Release/MinGW_ELF-Windows/Outils.o
 .comment       0x00000000       0x22 build/Release/MinGW_ELF-Windows/PIC_8259A.o
 .comment       0x00000000       0x22 build/Release/MinGW_ELF-Windows/Pagination.o
 .comment       0x00000000       0x22 build/Release/MinGW_ELF-Windows/Processus.o

.debug
 *(.debug)

.line
 *(.line)

.debug_srcinfo
 *(.debug_srcinfo)

.debug_sfnames
 *(.debug_sfnames)

.debug_aranges
 *(.debug_aranges)

.debug_pubnames
 *(.debug_pubnames)

.debug_info
 *(.debug_info .gnu.linkonce.wi.*)

.debug_abbrev
 *(.debug_abbrev)

.debug_line
 *(.debug_line)

.debug_frame
 *(.debug_frame)

.debug_str
 *(.debug_str)

.debug_loc
 *(.debug_loc)

.debug_macinfo
 *(.debug_macinfo)

.debug_weaknames
 *(.debug_weaknames)

.debug_funcnames
 *(.debug_funcnames)

.debug_typenames
 *(.debug_typenames)

.debug_varnames
 *(.debug_varnames)

.debug_pubtypes
 *(.debug_pubtypes)

.debug_ranges
 *(.debug_ranges)

.gnu.attributes
 *(.gnu.attributes)

/DISCARD/
 *(.note.GNU-stack)
 *(.gnu_debuglink)
 *(.gnu.lto_*)
OUTPUT(dist/Release/MinGW_ELF-Windows/noyau.jlv i586-pc-elf)
