
Allocating common symbols
Common symbol       size              file

Le_TSS              0x68              build/Release/MinGW_ELF-Windows/Init_TSS.o
Info_GDT            0x6               build/Release/MinGW_ELF-Windows/Init_GDT.o
Info_IDT            0x6               build/Release/MinGW_ELF-Windows/Init_IDT.o
Chaine_Temporaire_Char
                    0xc               build/Release/MinGW_ELF-Windows/Outils.o
Screen_Buffers      0x4               build/Release/MinGW_ELF-Windows/Buffer_Manager.o
g_screenBuffers     0x4               build/Release/MinGW_ELF-Windows/Screen_Manager.o
g_pidOutScreens     0x4               build/Release/MinGW_ELF-Windows/Screen_Manager.o

Memory Configuration

Name             Origin             Length             Attributes
*default*        0x00000000         0xffffffff

Linker script and memory map

LOAD build/Release/MinGW_ELF-Windows/0-Noyau_Start.o
LOAD build/Release/MinGW_ELF-Windows/1-Noyau_Main.o
LOAD build/Release/MinGW_ELF-Windows/API.o
LOAD build/Release/MinGW_ELF-Windows/Allocation_Pages.o
LOAD build/Release/MinGW_ELF-Windows/Appels_Systeme.o
LOAD build/Release/MinGW_ELF-Windows/BitMap_Memoire.o
LOAD build/Release/MinGW_ELF-Windows/Buffer_Manager.o
LOAD build/Release/MinGW_ELF-Windows/CallBack_Clavier.o
LOAD build/Release/MinGW_ELF-Windows/CallBack_Exception.o
LOAD build/Release/MinGW_ELF-Windows/CallBack_IRQ.o
LOAD build/Release/MinGW_ELF-Windows/CallBack_VIDEO.o
LOAD build/Release/MinGW_ELF-Windows/Commutation.o
LOAD build/Release/MinGW_ELF-Windows/Descripteurs.o
LOAD build/Release/MinGW_ELF-Windows/EXCEPTIONS.o
LOAD build/Release/MinGW_ELF-Windows/Ecran.o
LOAD build/Release/MinGW_ELF-Windows/HARD_8042_Clavier.o
LOAD build/Release/MinGW_ELF-Windows/HARD_8253_Timer.o
LOAD build/Release/MinGW_ELF-Windows/IRQ.o
LOAD build/Release/MinGW_ELF-Windows/Init_GDT.o
LOAD build/Release/MinGW_ELF-Windows/Init_IDT.o
LOAD build/Release/MinGW_ELF-Windows/Init_TSS.o
LOAD build/Release/MinGW_ELF-Windows/Ordonnanceur.o
LOAD build/Release/MinGW_ELF-Windows/Outils.o
LOAD build/Release/MinGW_ELF-Windows/PIC_8259A.o
LOAD build/Release/MinGW_ELF-Windows/Pagination.o
LOAD build/Release/MinGW_ELF-Windows/Processus.o
LOAD build/Release/MinGW_ELF-Windows/Screen_Manager.o
Address of section .text set to 0x100000
Address of section .data set to 0x200000
                0x08048000                PROVIDE (__executable_start, 0x8048000)
                0x08048074                . = (0x8048000 + SIZEOF_HEADERS)

.interp
 *(.interp)

.note.gnu.build-id
 *(.note.gnu.build-id)

.hash
 *(.hash)

.gnu.hash
 *(.gnu.hash)

.dynsym
 *(.dynsym)

.dynstr
 *(.dynstr)

.gnu.version
 *(.gnu.version)

.gnu.version_d
 *(.gnu.version_d)

.gnu.version_r
 *(.gnu.version_r)

.rel.dyn        0x08048074        0x0
 *(.rel.init)
 *(.rel.text .rel.text.* .rel.gnu.linkonce.t.*)
 .rel.text      0x00000000        0x0 build/Release/MinGW_ELF-Windows/0-Noyau_Start.o
 *(.rel.fini)
 *(.rel.rodata .rel.rodata.* .rel.gnu.linkonce.r.*)
 *(.rel.data.rel.ro* .rel.gnu.linkonce.d.rel.ro.*)
 *(.rel.data .rel.data.* .rel.gnu.linkonce.d.*)
 *(.rel.tdata .rel.tdata.* .rel.gnu.linkonce.td.*)
 *(.rel.tbss .rel.tbss.* .rel.gnu.linkonce.tb.*)
 *(.rel.ctors)
 *(.rel.dtors)
 *(.rel.got)
 *(.rel.bss .rel.bss.* .rel.gnu.linkonce.b.*)
 *(.rel.ifunc)

.rel.plt        0x08048074        0x0
 *(.rel.plt)
                0x08048074                PROVIDE (__rel_iplt_start, .)
 *(.rel.iplt)
 .rel.iplt      0x00000000        0x0 build/Release/MinGW_ELF-Windows/0-Noyau_Start.o
                0x08048074                PROVIDE (__rel_iplt_end, .)

.init
 *(.init)

.plt            0x08048074        0x0
 *(.plt)
 *(.iplt)
 .iplt          0x00000000        0x0 build/Release/MinGW_ELF-Windows/0-Noyau_Start.o

.text           0x00100000     0x38a2
 *(.text.unlikely .text.*_unlikely)
 *(.text .stub .text.* .gnu.linkonce.t.*)
 .text          0x00100000       0x18 build/Release/MinGW_ELF-Windows/0-Noyau_Start.o
                0x00100000                _start
 *fill*         0x00100018        0x8 90909090
 .text          0x00100020      0x3fe build/Release/MinGW_ELF-Windows/1-Noyau_Main.o
                0x00100020                Affiche_Informations_Boot
                0x001000a0                Affiche_Message
                0x00100110                Processus_Idle
                0x00100140                Processus_1
                0x00100170                Processus_2
                0x00100180                Processus_3
                0x00100190                OS_Main
                0x001003d0                OS_Start
 *fill*         0x0010041e        0x2 90909090
 .text          0x00100420       0x6c build/Release/MinGW_ELF-Windows/API.o
                0x00100420                API_clrscr
                0x00100440                API_puts
                0x00100460                API_Multi_Caractere
                0x00100480                API_Attendre_Scan_Code
 *fill*         0x0010048c        0x4 90909090
 .text          0x00100490      0x143 build/Release/MinGW_ELF-Windows/Allocation_Pages.o
                0x00100490                Cherche_Page_Systeme_Libre
                0x001004e0                Allouer_Pages
 *fill*         0x001005d3        0xd 90909090
 .text          0x001005e0       0x24 build/Release/MinGW_ELF-Windows/Appels_Systeme.o
                0x001005e0                Appel_Systeme_Video
                0x001005fa                Appel_Systeme_Clavier
 *fill*         0x00100604        0xc 90909090
 .text          0x00100610       0xc0 build/Release/MinGW_ELF-Windows/BitMap_Memoire.o
                0x00100610                Initialisation_BitMap_Memoire
 .text          0x001006d0      0xe93 build/Release/MinGW_ELF-Windows/Buffer_Manager.o
                0x001006d0                SetCurrentBuffers
                0x001006e0                Buf_Efface_Ecran
                0x001007b0                Buf_Remplir_Ecran
                0x001008b0                Buf_Defilement_Haut
                0x00100970                Buf_Positionne_Curseur
                0x00100a10                Buf_Repositionne_Curseur
                0x00100b50                Buf_Affiche_Caractere
                0x00100e10                Buf_Charge_Buf_Actuel_To_Screen
                0x00100ea0                SetBuffer
                0x00100f40                Buf_Affiche_Chaine
                0x00101250                Buf_Regle_Couleur
                0x00101260                Buf_Donne_Curseur_X
                0x00101270                Buf_Donne_Curseur_Y
                0x00101280                Buf_Affiche_Liste_Caracteres
 *fill*         0x00101563        0xd 90909090
 .text          0x00101570       0x3e build/Release/MinGW_ELF-Windows/CallBack_Clavier.o
                0x00101570                CallBack_INT_Clavier
 *fill*         0x001015ae        0x2 90909090
 .text          0x001015b0      0x2cc build/Release/MinGW_ELF-Windows/CallBack_Exception.o
                0x001015b0                Affiche_Message_Exception
                0x00101670                CallBack_Erreur_Division
                0x001016a0                CallBack_Mise_Au_Point
                0x001016c0                CallBack_INT3
                0x001016e0                CallBack_Debordement
                0x00101700                CallBack_Limite
                0x00101720                CallBack_CodeOP_Invalide
                0x00101740                CallBack_DNA
                0x00101760                CallBack_Double_Faute
                0x00101780                CallBack_Depassement
                0x001017a0                CallBack_TSS_Invalide
                0x001017c0                CallBack_Segment_Non_Present
                0x001017e0                CallBack_Segment_Pile
                0x00101800                CallBack_Violation_Protection
                0x00101820                CallBack_Defaut_De_Page
                0x00101840                CallBack_CoProcesseur
                0x00101860                CallBack_Exception_Par_Defaut
 *fill*         0x0010187c        0x4 90909090
 .text          0x00101880      0x298 build/Release/MinGW_ELF-Windows/CallBack_IRQ.o
                0x00101880                CallBack_IRQ0
                0x00101890                CallBack_IRQ1
                0x00101970                CallBack_IRQ3
                0x00101990                CallBack_IRQ4
                0x001019b0                CallBack_IRQ5
                0x001019d0                CallBack_IRQ6
                0x001019f0                CallBack_IRQ7
                0x00101a00                CallBack_IRQ8
                0x00101a20                CallBack_IRQ9
                0x00101a40                CallBack_IRQ10
                0x00101a60                CallBack_IRQ11
                0x00101a80                CallBack_IRQ12
                0x00101aa0                CallBack_IRQ13
                0x00101ac0                CallBack_IRQ14
                0x00101ae0                CallBack_IRQ15
                0x00101b00                CallBack_Defaut
 *fill*         0x00101b18        0x8 90909090
 .text          0x00101b20      0x135 build/Release/MinGW_ELF-Windows/CallBack_VIDEO.o
                0x00101b20                CallBack_INT_Video
 *fill*         0x00101c55        0xb 90909090
 .text          0x00101c60       0x58 build/Release/MinGW_ELF-Windows/Commutation.o
                0x00101c60                Commuter_Processus
 *fill*         0x00101cb8        0x8 90909090
 .text          0x00101cc0      0x2bf build/Release/MinGW_ELF-Windows/Descripteurs.o
                0x00101cc0                Configure_Descripteur_Segment
                0x00101ef0                Configure_Descripteur_Guichet
                0x00101f40                Configure_TSS
 *fill*         0x00101f7f        0x1 90909090
 .text          0x00101f80      0x1b0 build/Release/MinGW_ELF-Windows/EXCEPTIONS.o
                0x00101f80                Exception_Erreur_Division
                0x00101f9b                Exception_Mise_Au_Point
                0x00101fb6                Exception_INT3
                0x00101fd1                Exception_Debordement
                0x00101fec                Exception_Limite
                0x00102007                Exception_CodeOP_Invalide
                0x00102022                Exception_DNA
                0x0010203d                Exception_Double_Faute
                0x00102058                Exception_Depassement
                0x00102073                Exception_TSS_Invalide
                0x0010208e                Exception_Segment_Non_Present
                0x001020a9                Exception_Segment_Pile
                0x001020c4                Exception_Violation_Protection
                0x001020df                Exception_Defaut_De_Page
                0x001020fa                Exception_CoProcesseur
                0x00102115                Exception_Par_Defaut
 .text          0x00102130      0x722 build/Release/MinGW_ELF-Windows/Ecran.o
                0x00102130                Efface_Ecran
                0x00102180                Remplir_Ecran
                0x001021e0                Defilement_Haut
                0x00102240                Positionne_Curseur
                0x00102260                Affiche_Curseur
                0x001022a0                Repositionne_Curseur
                0x00102330                Affiche_Caractere
                0x001024a0                Affiche_Chaine
                0x00102680                Regle_Couleur
                0x00102690                Donne_Curseur_X
                0x001026a0                Donne_Curseur_Y
                0x001026b0                Affiche_Liste_Caracteres
 *fill*         0x00102852        0xe 90909090
 .text          0x00102860       0x24 build/Release/MinGW_ELF-Windows/HARD_8042_Clavier.o
                0x00102860                Lecture_Scan_Code
                0x00102863                Attendre_Scan_Code
                0x0010286e                Attendre_Touche_Relache
 *fill*         0x00102884        0xc 90909090
 .text          0x00102890       0x1c build/Release/MinGW_ELF-Windows/HARD_8253_Timer.o
                0x00102890                Initialisation_8253
 *fill*         0x001028ac        0x4 90909090
 .text          0x001028b0      0x180 build/Release/MinGW_ELF-Windows/IRQ.o
                0x001028b0                Interruption_IRQ0
                0x001028c8                Interruption_IRQ1
                0x001028e0                Interruption_IRQ3
                0x001028f8                Interruption_IRQ4
                0x00102910                Interruption_IRQ5
                0x00102928                Interruption_IRQ6
                0x00102940                Interruption_IRQ7
                0x00102958                Interruption_IRQ8
                0x00102970                Interruption_IRQ9
                0x00102988                Interruption_IRQ10
                0x001029a0                Interruption_IRQ11
                0x001029b8                Interruption_IRQ12
                0x001029d0                Interruption_IRQ13
                0x001029e8                Interruption_IRQ14
                0x00102a00                Interruption_IRQ15
 .text          0x00102a30      0x13e build/Release/MinGW_ELF-Windows/Init_GDT.o
                0x00102a30                Intialisation_Descripteurs_Noyau
                0x00102ac0                Initialisation_Descripteurs_Utilisateurs
                0x00102b30                Initialisation_GDT
 *fill*         0x00102b6e        0x2 90909090
 .text          0x00102b70      0x16f build/Release/MinGW_ELF-Windows/Init_IDT.o
                0x00102b70                Configuration_Descripteurs_Exceptions
                0x00102bd0                Configuration_Descripteurs_IRQ
                0x00102c30                Configuration_Descripteurs_INT_Logicielles
                0x00102c80                Initialisation_IDT
 *fill*         0x00102cdf        0x1 90909090
 .text          0x00102ce0       0x7e build/Release/MinGW_ELF-Windows/Init_TSS.o
                0x00102ce0                Initialisation_TSS
 *fill*         0x00102d5e        0x2 90909090
 .text          0x00102d60      0x183 build/Release/MinGW_ELF-Windows/Ordonnanceur.o
                0x00102d60                Ordonnanceur
                0x00102e90                Donne_La_Main_Au_Processus
 *fill*         0x00102ee3        0xd 90909090
 .text          0x00102ef0      0x12a build/Release/MinGW_ELF-Windows/Outils.o
                0x00102ef0                Taille_Chaine
                0x00102f10                Entier_Vers_Chaine
                0x00102f60                Entier_Vers_Chaine_Hexa
                0x00102fe0                Copier_Memoire
                0x00103000                Initialise_Memoire
 *fill*         0x0010301a        0x6 90909090
 .text          0x00103020       0x43 build/Release/MinGW_ELF-Windows/PIC_8259A.o
                0x00103020                Inititialisation_8259A
 *fill*         0x00103063        0xd 90909090
 .text          0x00103070      0x3e4 build/Release/MinGW_ELF-Windows/Pagination.o
                0x00103070                Creation_Tables_Pages_Process
                0x001030f0                Configuration_Repertoire_Tables_OS
                0x00103180                Configuration_Tables_De_Pages_OS
                0x00103230                Donne_Adresse_Tables_Pages_Process
                0x00103250                Donne_Adresse_Physique
                0x001032b0                Associer_Virtuel_Physique
                0x001033c0                Initialisation_Tables_Pages_Process
                0x00103430                Initialisation_Pagination
 *fill*         0x00103454        0xc 90909090
 .text          0x00103460      0x1c6 build/Release/MinGW_ELF-Windows/Processus.o
                0x00103460                Initialisation_Info_Processus
                0x001034b0                Donne_Info_Processus
                0x001034d0                Charge_Processus
                0x001035f0                Copier_Memoire_Process
 *fill*         0x00103626        0xa 90909090
 .text          0x00103630      0x272 build/Release/MinGW_ELF-Windows/Screen_Manager.o
                0x00103630                Initialisation_Multi_Screen
                0x001036b0                getScreenIndexFromPid
                0x00103730                ThisPidIsDisplayedOnTheCurentScreen
                0x00103750                InitBuffer
                0x00103820                BufferToScreen
                0x00103880                switchScreen
 *(.gnu.warning)

.fini
 *(.fini)
                0x001038a2                PROVIDE (__etext, .)
                0x001038a2                PROVIDE (_etext, .)
                0x001038a2                PROVIDE (etext, .)

.rodata         0x001038a4      0x5be
 *(.rodata .rodata.* .gnu.linkonce.r.*)
 .rodata.str1.1
                0x001038a4       0xdf build/Release/MinGW_ELF-Windows/1-Noyau_Main.o
 *fill*         0x00103983        0x1 00
 .rodata.str1.4
                0x00103984      0x227 build/Release/MinGW_ELF-Windows/1-Noyau_Main.o
 .rodata.str1.1
                0x00103bab       0x38 build/Release/MinGW_ELF-Windows/Allocation_Pages.o
 .rodata.str1.1
                0x00103be3       0x1f build/Release/MinGW_ELF-Windows/BitMap_Memoire.o
 *fill*         0x00103c02        0x2 00
 .rodata.str1.4
                0x00103c04       0x28 build/Release/MinGW_ELF-Windows/BitMap_Memoire.o
                                 0x25 (size before relaxing)
 .rodata.str1.1
                0x00103c2c      0x118 build/Release/MinGW_ELF-Windows/CallBack_Exception.o
                                0x11b (size before relaxing)
 .rodata.str1.1
                0x00103d44       0x5d build/Release/MinGW_ELF-Windows/CallBack_IRQ.o
 *fill*         0x00103da1        0x3 00
 .rodata        0x00103da4       0x14 build/Release/MinGW_ELF-Windows/CallBack_VIDEO.o
 .rodata.str1.1
                0x00103db8       0x2c build/Release/MinGW_ELF-Windows/Descripteurs.o
 .rodata.str1.1
                0x00103de4       0x7e build/Release/MinGW_ELF-Windows/Pagination.o
                                 0x80 (size before relaxing)

.rodata1
 *(.rodata1)

.eh_frame_hdr
 *(.eh_frame_hdr)

.eh_frame
 *(.eh_frame)

.gcc_except_table
 *(.gcc_except_table .gcc_except_table.*)
                0x00103e62                . = (ALIGN (0x1000) - ((0x1000 - .) & 0xfff))
                0x00104000                . = (0x1000 DATA_SEGMENT_ALIGN 0x1000)

.eh_frame
 *(.eh_frame)

.gcc_except_table
 *(.gcc_except_table .gcc_except_table.*)

.tdata
 *(.tdata .tdata.* .gnu.linkonce.td.*)

.tbss
 *(.tbss .tbss.* .gnu.linkonce.tb.*)
 *(.tcommon)

.preinit_array  0x00104000        0x0
                0x00104000                PROVIDE (__preinit_array_start, .)
 *(.preinit_array)
                0x00104000                PROVIDE (__preinit_array_end, .)

.init_array     0x00104000        0x0
                0x00104000                PROVIDE (__init_array_start, .)
 *(SORT(.init_array.*))
 *(.init_array)
                0x00104000                PROVIDE (__init_array_end, .)

.fini_array     0x00104000        0x0
                0x00104000                PROVIDE (__fini_array_start, .)
 *(SORT(.fini_array.*))
 *(.fini_array)
                0x00104000                PROVIDE (__fini_array_end, .)

.ctors
 *crtbegin.o(.ctors)
 *crtbegin?.o(.ctors)
 *(EXCLUDE_FILE(*crtend?.o *crtend.o) .ctors)
 *(SORT(.ctors.*))
 *(.ctors)

.dtors
 *crtbegin.o(.dtors)
 *crtbegin?.o(.dtors)
 *(EXCLUDE_FILE(*crtend?.o *crtend.o) .dtors)
 *(SORT(.dtors.*))
 *(.dtors)

.jcr
 *(.jcr)

.data.rel.ro
 *(.data.rel.ro.local* .gnu.linkonce.d.rel.ro.local.*)
 *(.data.rel.ro* .gnu.linkonce.d.rel.ro.*)

.dynamic
 *(.dynamic)

.got
 *(.got)
 *(.igot)
                0x00104000                . = (. DATA_SEGMENT_RELRO_END 0xc)

.got.plt        0x00104000        0x0
 *(.got.plt)
 *(.igot.plt)
 .igot.plt      0x00000000        0x0 build/Release/MinGW_ELF-Windows/0-Noyau_Start.o

.data           0x00200000      0x13c
 *(.data .data.* .gnu.linkonce.d.*)
 .data          0x00200000        0x0 build/Release/MinGW_ELF-Windows/1-Noyau_Main.o
 .data          0x00200000        0x0 build/Release/MinGW_ELF-Windows/API.o
 .data          0x00200000        0x0 build/Release/MinGW_ELF-Windows/Allocation_Pages.o
 .data          0x00200000        0x4 build/Release/MinGW_ELF-Windows/BitMap_Memoire.o
                0x00200000                Nombre_Pages_Libres
 .data          0x00200004        0xc build/Release/MinGW_ELF-Windows/Buffer_Manager.o
                0x00200004                Buf_Attribut_Actuel
                0x00200008                Buf_Map_Video
                0x0020000c                Buf_Video
 .data          0x00200010        0x0 build/Release/MinGW_ELF-Windows/CallBack_Clavier.o
 .data          0x00200010        0x0 build/Release/MinGW_ELF-Windows/CallBack_Exception.o
 .data          0x00200010        0x0 build/Release/MinGW_ELF-Windows/CallBack_IRQ.o
 .data          0x00200010        0x0 build/Release/MinGW_ELF-Windows/CallBack_VIDEO.o
 .data          0x00200010        0x0 build/Release/MinGW_ELF-Windows/Descripteurs.o
 .data          0x00200010        0xc build/Release/MinGW_ELF-Windows/Ecran.o
                0x00200010                Attribut_Actuel
                0x00200014                Map_Video
                0x00200018                Video
 .data          0x0020001c        0x0 build/Release/MinGW_ELF-Windows/Init_GDT.o
 *fill*         0x0020001c        0x4 00
 .data          0x00200020      0x118 build/Release/MinGW_ELF-Windows/Init_IDT.o
                0x00200020                Association_INT
                0x00200040                Association_IRQ
                0x002000c0                Association_Exception
 .data          0x00200138        0x0 build/Release/MinGW_ELF-Windows/Init_TSS.o
 .data          0x00200138        0x4 build/Release/MinGW_ELF-Windows/Ordonnanceur.o
                0x00200138                Periode_Ordonnanceur
 .data          0x0020013c        0x0 build/Release/MinGW_ELF-Windows/Outils.o
 .data          0x0020013c        0x0 build/Release/MinGW_ELF-Windows/PIC_8259A.o
 .data          0x0020013c        0x0 build/Release/MinGW_ELF-Windows/Pagination.o
 .data          0x0020013c        0x0 build/Release/MinGW_ELF-Windows/Processus.o
 .data          0x0020013c        0x0 build/Release/MinGW_ELF-Windows/Screen_Manager.o

.data1
 *(.data1)
                0x0020013c                _edata = .
                0x0020013c                PROVIDE (edata, .)
                0x0020013c                __bss_start = .

.bss            0x00200140       0xbc
 *(.dynbss)
 *(.bss .bss.* .gnu.linkonce.b.*)
 .bss           0x00200140        0x0 build/Release/MinGW_ELF-Windows/1-Noyau_Main.o
 .bss           0x00200140        0x0 build/Release/MinGW_ELF-Windows/API.o
 .bss           0x00200140        0x0 build/Release/MinGW_ELF-Windows/Allocation_Pages.o
 .bss           0x00200140        0x0 build/Release/MinGW_ELF-Windows/BitMap_Memoire.o
 .bss           0x00200140        0x2 build/Release/MinGW_ELF-Windows/Buffer_Manager.o
                0x00200140                Buf_ECRAN_Curseur_Y
                0x00200141                Buf_ECRAN_Curseur_X
 *fill*         0x00200142        0x2 00
 .bss           0x00200144        0x0 build/Release/MinGW_ELF-Windows/CallBack_Clavier.o
 .bss           0x00200144        0x0 build/Release/MinGW_ELF-Windows/CallBack_Exception.o
 .bss           0x00200144        0x4 build/Release/MinGW_ELF-Windows/CallBack_IRQ.o
                0x00200144                Ctrl
 .bss           0x00200148        0x0 build/Release/MinGW_ELF-Windows/CallBack_VIDEO.o
 .bss           0x00200148        0x0 build/Release/MinGW_ELF-Windows/Descripteurs.o
 .bss           0x00200148        0x2 build/Release/MinGW_ELF-Windows/Ecran.o
                0x00200148                ECRAN_Curseur_Y
                0x00200149                ECRAN_Curseur_X
 *fill*         0x0020014a        0x2 00
 .bss           0x0020014c        0x0 build/Release/MinGW_ELF-Windows/Init_GDT.o
 .bss           0x0020014c        0x0 build/Release/MinGW_ELF-Windows/Init_IDT.o
 .bss           0x0020014c        0x0 build/Release/MinGW_ELF-Windows/Init_TSS.o
 .bss           0x0020014c        0x8 build/Release/MinGW_ELF-Windows/Ordonnanceur.o
                0x0020014c                Compteur_Tic_Ordonnanceur
                0x00200150                Numero_Process_Courrant
 .bss           0x00200154        0x0 build/Release/MinGW_ELF-Windows/Outils.o
 .bss           0x00200154        0x0 build/Release/MinGW_ELF-Windows/PIC_8259A.o
 .bss           0x00200154        0x0 build/Release/MinGW_ELF-Windows/Pagination.o
 .bss           0x00200154        0x0 build/Release/MinGW_ELF-Windows/Processus.o
 .bss           0x00200154        0x0 build/Release/MinGW_ELF-Windows/Screen_Manager.o
 *(COMMON)
 COMMON         0x00200154        0x4 build/Release/MinGW_ELF-Windows/Buffer_Manager.o
                0x00200154                Screen_Buffers
 COMMON         0x00200158        0x6 build/Release/MinGW_ELF-Windows/Init_GDT.o
                0x00200158                Info_GDT
 COMMON         0x0020015e        0x6 build/Release/MinGW_ELF-Windows/Init_IDT.o
                0x0020015e                Info_IDT
 *fill*         0x00200164       0x1c 00
 COMMON         0x00200180       0x68 build/Release/MinGW_ELF-Windows/Init_TSS.o
                0x00200180                Le_TSS
 COMMON         0x002001e8        0xc build/Release/MinGW_ELF-Windows/Outils.o
                0x002001e8                Chaine_Temporaire_Char
 COMMON         0x002001f4        0x8 build/Release/MinGW_ELF-Windows/Screen_Manager.o
                0x002001f4                g_screenBuffers
                0x002001f8                g_pidOutScreens
                0x002001fc                . = ALIGN ((. != 0x0)?0x4:0x1)
                0x002001fc                . = ALIGN (0x4)
                0x002001fc                . = ALIGN (0x4)
                0x002001fc                _end = .
                0x002001fc                PROVIDE (end, .)
                0x002001fc                . = DATA_SEGMENT_END (.)

.stab
 *(.stab)

.stabstr
 *(.stabstr)

.stab.excl
 *(.stab.excl)

.stab.exclstr
 *(.stab.exclstr)

.stab.index
 *(.stab.index)

.stab.indexstr
 *(.stab.indexstr)

.comment        0x00000000       0x21
 *(.comment)
 .comment       0x00000000       0x21 build/Release/MinGW_ELF-Windows/1-Noyau_Main.o
                                 0x22 (size before relaxing)
 .comment       0x00000000       0x22 build/Release/MinGW_ELF-Windows/API.o
 .comment       0x00000000       0x22 build/Release/MinGW_ELF-Windows/Allocation_Pages.o
 .comment       0x00000000       0x22 build/Release/MinGW_ELF-Windows/BitMap_Memoire.o
 .comment       0x00000000       0x22 build/Release/MinGW_ELF-Windows/Buffer_Manager.o
 .comment       0x00000000       0x22 build/Release/MinGW_ELF-Windows/CallBack_Clavier.o
 .comment       0x00000000       0x22 build/Release/MinGW_ELF-Windows/CallBack_Exception.o
 .comment       0x00000000       0x22 build/Release/MinGW_ELF-Windows/CallBack_IRQ.o
 .comment       0x00000000       0x22 build/Release/MinGW_ELF-Windows/CallBack_VIDEO.o
 .comment       0x00000000       0x22 build/Release/MinGW_ELF-Windows/Descripteurs.o
 .comment       0x00000000       0x22 build/Release/MinGW_ELF-Windows/Ecran.o
 .comment       0x00000000       0x22 build/Release/MinGW_ELF-Windows/Init_GDT.o
 .comment       0x00000000       0x22 build/Release/MinGW_ELF-Windows/Init_IDT.o
 .comment       0x00000000       0x22 build/Release/MinGW_ELF-Windows/Init_TSS.o
 .comment       0x00000000       0x22 build/Release/MinGW_ELF-Windows/Ordonnanceur.o
 .comment       0x00000000       0x22 build/Release/MinGW_ELF-Windows/Outils.o
 .comment       0x00000000       0x22 build/Release/MinGW_ELF-Windows/PIC_8259A.o
 .comment       0x00000000       0x22 build/Release/MinGW_ELF-Windows/Pagination.o
 .comment       0x00000000       0x22 build/Release/MinGW_ELF-Windows/Processus.o
 .comment       0x00000000       0x22 build/Release/MinGW_ELF-Windows/Screen_Manager.o

.debug
 *(.debug)

.line
 *(.line)

.debug_srcinfo
 *(.debug_srcinfo)

.debug_sfnames
 *(.debug_sfnames)

.debug_aranges
 *(.debug_aranges)

.debug_pubnames
 *(.debug_pubnames)

.debug_info
 *(.debug_info .gnu.linkonce.wi.*)

.debug_abbrev
 *(.debug_abbrev)

.debug_line
 *(.debug_line)

.debug_frame
 *(.debug_frame)

.debug_str
 *(.debug_str)

.debug_loc
 *(.debug_loc)

.debug_macinfo
 *(.debug_macinfo)

.debug_weaknames
 *(.debug_weaknames)

.debug_funcnames
 *(.debug_funcnames)

.debug_typenames
 *(.debug_typenames)

.debug_varnames
 *(.debug_varnames)

.debug_pubtypes
 *(.debug_pubtypes)

.debug_ranges
 *(.debug_ranges)

.gnu.attributes
 *(.gnu.attributes)

/DISCARD/
 *(.note.GNU-stack)
 *(.gnu_debuglink)
 *(.gnu.lto_*)
OUTPUT(dist/Release/MinGW_ELF-Windows/noyau.jlv i586-pc-elf)
