
Allocating common symbols
Common symbol       size              file

Le_TSS              0x68              build/Release/MinGW_ELF-Windows/Init_TSS.o
Current_Buffer      0x4               build/Release/MinGW_ELF-Windows/Buffer_Manager.o
Info_GDT            0x6               build/Release/MinGW_ELF-Windows/Init_GDT.o
Info_IDT            0x6               build/Release/MinGW_ELF-Windows/Init_IDT.o
Chaine_Temporaire_Char
                    0xc               build/Release/MinGW_ELF-Windows/Outils.o
g_screenBuffers     0x4               build/Release/MinGW_ELF-Windows/Screen_Manager.o
g_pidOutScreens     0x4               build/Release/MinGW_ELF-Windows/Screen_Manager.o

Memory Configuration

Name             Origin             Length             Attributes
*default*        0x00000000         0xffffffff

Linker script and memory map

LOAD build/Release/MinGW_ELF-Windows/0-Noyau_Start.o
LOAD build/Release/MinGW_ELF-Windows/1-Noyau_Main.o
LOAD build/Release/MinGW_ELF-Windows/API.o
LOAD build/Release/MinGW_ELF-Windows/Allocation_Pages.o
LOAD build/Release/MinGW_ELF-Windows/Appels_Systeme.o
LOAD build/Release/MinGW_ELF-Windows/BitMap_Memoire.o
LOAD build/Release/MinGW_ELF-Windows/Buffer_Manager.o
LOAD build/Release/MinGW_ELF-Windows/CallBack_Clavier.o
LOAD build/Release/MinGW_ELF-Windows/CallBack_Exception.o
LOAD build/Release/MinGW_ELF-Windows/CallBack_IRQ.o
LOAD build/Release/MinGW_ELF-Windows/CallBack_VIDEO.o
LOAD build/Release/MinGW_ELF-Windows/Commutation.o
LOAD build/Release/MinGW_ELF-Windows/Descripteurs.o
LOAD build/Release/MinGW_ELF-Windows/EXCEPTIONS.o
LOAD build/Release/MinGW_ELF-Windows/Ecran.o
LOAD build/Release/MinGW_ELF-Windows/HARD_8042_Clavier.o
LOAD build/Release/MinGW_ELF-Windows/HARD_8253_Timer.o
LOAD build/Release/MinGW_ELF-Windows/IRQ.o
LOAD build/Release/MinGW_ELF-Windows/Init_GDT.o
LOAD build/Release/MinGW_ELF-Windows/Init_IDT.o
LOAD build/Release/MinGW_ELF-Windows/Init_TSS.o
LOAD build/Release/MinGW_ELF-Windows/Ordonnanceur.o
LOAD build/Release/MinGW_ELF-Windows/Outils.o
LOAD build/Release/MinGW_ELF-Windows/PIC_8259A.o
LOAD build/Release/MinGW_ELF-Windows/Pagination.o
LOAD build/Release/MinGW_ELF-Windows/Processus.o
LOAD build/Release/MinGW_ELF-Windows/Screen_Manager.o
Address of section .text set to 0x100000
Address of section .data set to 0x200000
                0x08048000                PROVIDE (__executable_start, 0x8048000)
                0x08048074                . = (0x8048000 + SIZEOF_HEADERS)

.interp
 *(.interp)

.note.gnu.build-id
 *(.note.gnu.build-id)

.hash
 *(.hash)

.gnu.hash
 *(.gnu.hash)

.dynsym
 *(.dynsym)

.dynstr
 *(.dynstr)

.gnu.version
 *(.gnu.version)

.gnu.version_d
 *(.gnu.version_d)

.gnu.version_r
 *(.gnu.version_r)

.rel.dyn        0x08048074        0x0
 *(.rel.init)
 *(.rel.text .rel.text.* .rel.gnu.linkonce.t.*)
 .rel.text      0x00000000        0x0 build/Release/MinGW_ELF-Windows/0-Noyau_Start.o
 *(.rel.fini)
 *(.rel.rodata .rel.rodata.* .rel.gnu.linkonce.r.*)
 *(.rel.data.rel.ro* .rel.gnu.linkonce.d.rel.ro.*)
 *(.rel.data .rel.data.* .rel.gnu.linkonce.d.*)
 *(.rel.tdata .rel.tdata.* .rel.gnu.linkonce.td.*)
 *(.rel.tbss .rel.tbss.* .rel.gnu.linkonce.tb.*)
 *(.rel.ctors)
 *(.rel.dtors)
 *(.rel.got)
 *(.rel.bss .rel.bss.* .rel.gnu.linkonce.b.*)
 *(.rel.ifunc)

.rel.plt        0x08048074        0x0
 *(.rel.plt)
                0x08048074                PROVIDE (__rel_iplt_start, .)
 *(.rel.iplt)
 .rel.iplt      0x00000000        0x0 build/Release/MinGW_ELF-Windows/0-Noyau_Start.o
                0x08048074                PROVIDE (__rel_iplt_end, .)

.init
 *(.init)

.plt            0x08048074        0x0
 *(.plt)
 *(.iplt)
 .iplt          0x00000000        0x0 build/Release/MinGW_ELF-Windows/0-Noyau_Start.o

.text           0x00100000     0x38f5
 *(.text.unlikely .text.*_unlikely)
 *(.text .stub .text.* .gnu.linkonce.t.*)
 .text          0x00100000       0x18 build/Release/MinGW_ELF-Windows/0-Noyau_Start.o
                0x00100000                _start
 *fill*         0x00100018        0x8 90909090
 .text          0x00100020      0x3ae build/Release/MinGW_ELF-Windows/1-Noyau_Main.o
                0x00100020                Affiche_Informations_Boot
                0x001000a0                Affiche_Message
                0x00100110                Processus_Idle
                0x00100120                Processus_1
                0x00100130                Processus_2
                0x00100140                Processus_3
                0x00100150                OS_Main
                0x00100380                OS_Start
 *fill*         0x001003ce        0x2 90909090
 .text          0x001003d0       0x6c build/Release/MinGW_ELF-Windows/API.o
                0x001003d0                API_clrscr
                0x001003f0                API_puts
                0x00100410                API_Multi_Caractere
                0x00100430                API_Attendre_Scan_Code
 *fill*         0x0010043c        0x4 90909090
 .text          0x00100440      0x143 build/Release/MinGW_ELF-Windows/Allocation_Pages.o
                0x00100440                Cherche_Page_Systeme_Libre
                0x00100490                Allouer_Pages
 *fill*         0x00100583        0xd 90909090
 .text          0x00100590       0x24 build/Release/MinGW_ELF-Windows/Appels_Systeme.o
                0x00100590                Appel_Systeme_Video
                0x001005aa                Appel_Systeme_Clavier
 *fill*         0x001005b4        0xc 90909090
 .text          0x001005c0       0xc0 build/Release/MinGW_ELF-Windows/BitMap_Memoire.o
                0x001005c0                Initialisation_BitMap_Memoire
 .text          0x00100680      0xe53 build/Release/MinGW_ELF-Windows/Buffer_Manager.o
                0x00100680                Buf_SetCurrentBuffer
                0x00100690                Buf_Efface_Ecran
                0x00100750                Buf_Remplir_Ecran
                0x00100820                Buf_Defilement_Haut
                0x001008f0                Buf_Positionne_Curseur
                0x00100950                Buf_Affiche_Curseur
                0x00100990                Buf_Repositionne_Curseur
                0x00100af0                Buf_Affiche_Caractere
                0x00100df0                Buf_Affiche_Chaine
                0x00101170                Buf_Regle_Couleur
                0x00101180                Buf_Donne_Curseur_X
                0x00101190                Buf_Donne_Curseur_Y
                0x001011a0                Buf_Affiche_Liste_Caracteres
 *fill*         0x001014d3        0xd 90909090
 .text          0x001014e0       0x3e build/Release/MinGW_ELF-Windows/CallBack_Clavier.o
                0x001014e0                CallBack_INT_Clavier
 *fill*         0x0010151e        0x2 90909090
 .text          0x00101520      0x2cc build/Release/MinGW_ELF-Windows/CallBack_Exception.o
                0x00101520                Affiche_Message_Exception
                0x001015e0                CallBack_Erreur_Division
                0x00101610                CallBack_Mise_Au_Point
                0x00101630                CallBack_INT3
                0x00101650                CallBack_Debordement
                0x00101670                CallBack_Limite
                0x00101690                CallBack_CodeOP_Invalide
                0x001016b0                CallBack_DNA
                0x001016d0                CallBack_Double_Faute
                0x001016f0                CallBack_Depassement
                0x00101710                CallBack_TSS_Invalide
                0x00101730                CallBack_Segment_Non_Present
                0x00101750                CallBack_Segment_Pile
                0x00101770                CallBack_Violation_Protection
                0x00101790                CallBack_Defaut_De_Page
                0x001017b0                CallBack_CoProcesseur
                0x001017d0                CallBack_Exception_Par_Defaut
 *fill*         0x001017ec        0x4 90909090
 .text          0x001017f0      0x2d8 build/Release/MinGW_ELF-Windows/CallBack_IRQ.o
                0x001017f0                CallBack_IRQ0
                0x00101800                CallBack_IRQ1
                0x00101920                CallBack_IRQ3
                0x00101940                CallBack_IRQ4
                0x00101960                CallBack_IRQ5
                0x00101980                CallBack_IRQ6
                0x001019a0                CallBack_IRQ7
                0x001019b0                CallBack_IRQ8
                0x001019d0                CallBack_IRQ9
                0x001019f0                CallBack_IRQ10
                0x00101a10                CallBack_IRQ11
                0x00101a30                CallBack_IRQ12
                0x00101a50                CallBack_IRQ13
                0x00101a70                CallBack_IRQ14
                0x00101a90                CallBack_IRQ15
                0x00101ab0                CallBack_Defaut
 *fill*         0x00101ac8        0x8 90909090
 .text          0x00101ad0       0xf8 build/Release/MinGW_ELF-Windows/CallBack_VIDEO.o
                0x00101ad0                CallBack_INT_Video
 *fill*         0x00101bc8        0x8 90909090
 .text          0x00101bd0       0x58 build/Release/MinGW_ELF-Windows/Commutation.o
                0x00101bd0                Commuter_Processus
 *fill*         0x00101c28        0x8 90909090
 .text          0x00101c30      0x2bf build/Release/MinGW_ELF-Windows/Descripteurs.o
                0x00101c30                Configure_Descripteur_Segment
                0x00101e60                Configure_Descripteur_Guichet
                0x00101eb0                Configure_TSS
 *fill*         0x00101eef        0x1 90909090
 .text          0x00101ef0      0x1b0 build/Release/MinGW_ELF-Windows/EXCEPTIONS.o
                0x00101ef0                Exception_Erreur_Division
                0x00101f0b                Exception_Mise_Au_Point
                0x00101f26                Exception_INT3
                0x00101f41                Exception_Debordement
                0x00101f5c                Exception_Limite
                0x00101f77                Exception_CodeOP_Invalide
                0x00101f92                Exception_DNA
                0x00101fad                Exception_Double_Faute
                0x00101fc8                Exception_Depassement
                0x00101fe3                Exception_TSS_Invalide
                0x00101ffe                Exception_Segment_Non_Present
                0x00102019                Exception_Segment_Pile
                0x00102034                Exception_Violation_Protection
                0x0010204f                Exception_Defaut_De_Page
                0x0010206a                Exception_CoProcesseur
                0x00102085                Exception_Par_Defaut
 .text          0x001020a0      0x722 build/Release/MinGW_ELF-Windows/Ecran.o
                0x001020a0                Efface_Ecran
                0x001020f0                Remplir_Ecran
                0x00102150                Defilement_Haut
                0x001021b0                Positionne_Curseur
                0x001021d0                Affiche_Curseur
                0x00102210                Repositionne_Curseur
                0x001022a0                Affiche_Caractere
                0x00102410                Affiche_Chaine
                0x001025f0                Regle_Couleur
                0x00102600                Donne_Curseur_X
                0x00102610                Donne_Curseur_Y
                0x00102620                Affiche_Liste_Caracteres
 *fill*         0x001027c2        0xe 90909090
 .text          0x001027d0       0x24 build/Release/MinGW_ELF-Windows/HARD_8042_Clavier.o
                0x001027d0                Lecture_Scan_Code
                0x001027d3                Attendre_Scan_Code
                0x001027de                Attendre_Touche_Relache
 *fill*         0x001027f4        0xc 90909090
 .text          0x00102800       0x1c build/Release/MinGW_ELF-Windows/HARD_8253_Timer.o
                0x00102800                Initialisation_8253
 *fill*         0x0010281c        0x4 90909090
 .text          0x00102820      0x180 build/Release/MinGW_ELF-Windows/IRQ.o
                0x00102820                Interruption_IRQ0
                0x00102838                Interruption_IRQ1
                0x00102850                Interruption_IRQ3
                0x00102868                Interruption_IRQ4
                0x00102880                Interruption_IRQ5
                0x00102898                Interruption_IRQ6
                0x001028b0                Interruption_IRQ7
                0x001028c8                Interruption_IRQ8
                0x001028e0                Interruption_IRQ9
                0x001028f8                Interruption_IRQ10
                0x00102910                Interruption_IRQ11
                0x00102928                Interruption_IRQ12
                0x00102940                Interruption_IRQ13
                0x00102958                Interruption_IRQ14
                0x00102970                Interruption_IRQ15
 .text          0x001029a0      0x13e build/Release/MinGW_ELF-Windows/Init_GDT.o
                0x001029a0                Intialisation_Descripteurs_Noyau
                0x00102a30                Initialisation_Descripteurs_Utilisateurs
                0x00102aa0                Initialisation_GDT
 *fill*         0x00102ade        0x2 90909090
 .text          0x00102ae0      0x16f build/Release/MinGW_ELF-Windows/Init_IDT.o
                0x00102ae0                Configuration_Descripteurs_Exceptions
                0x00102b40                Configuration_Descripteurs_IRQ
                0x00102ba0                Configuration_Descripteurs_INT_Logicielles
                0x00102bf0                Initialisation_IDT
 *fill*         0x00102c4f        0x1 90909090
 .text          0x00102c50       0x7e build/Release/MinGW_ELF-Windows/Init_TSS.o
                0x00102c50                Initialisation_TSS
 *fill*         0x00102cce        0x2 90909090
 .text          0x00102cd0      0x183 build/Release/MinGW_ELF-Windows/Ordonnanceur.o
                0x00102cd0                Ordonnanceur
                0x00102e00                Donne_La_Main_Au_Processus
 *fill*         0x00102e53        0xd 90909090
 .text          0x00102e60      0x12a build/Release/MinGW_ELF-Windows/Outils.o
                0x00102e60                Taille_Chaine
                0x00102e80                Entier_Vers_Chaine
                0x00102ed0                Entier_Vers_Chaine_Hexa
                0x00102f50                Copier_Memoire
                0x00102f70                Initialise_Memoire
 *fill*         0x00102f8a        0x6 90909090
 .text          0x00102f90       0x43 build/Release/MinGW_ELF-Windows/PIC_8259A.o
                0x00102f90                Inititialisation_8259A
 *fill*         0x00102fd3        0xd 90909090
 .text          0x00102fe0      0x3e4 build/Release/MinGW_ELF-Windows/Pagination.o
                0x00102fe0                Creation_Tables_Pages_Process
                0x00103060                Configuration_Repertoire_Tables_OS
                0x001030f0                Configuration_Tables_De_Pages_OS
                0x001031a0                Donne_Adresse_Tables_Pages_Process
                0x001031c0                Donne_Adresse_Physique
                0x00103220                Associer_Virtuel_Physique
                0x00103330                Initialisation_Tables_Pages_Process
                0x001033a0                Initialisation_Pagination
 *fill*         0x001033c4        0xc 90909090
 .text          0x001033d0      0x1c6 build/Release/MinGW_ELF-Windows/Processus.o
                0x001033d0                Initialisation_Info_Processus
                0x00103420                Donne_Info_Processus
                0x00103440                Charge_Processus
                0x00103560                Copier_Memoire_Process
 *fill*         0x00103596        0xa 90909090
 .text          0x001035a0      0x355 build/Release/MinGW_ELF-Windows/Screen_Manager.o
                0x001035a0                Initialisation_Multi_Screen
                0x00103600                getScreenIndexFromPid
                0x00103690                InitBuffer
                0x00103760                BufferToScreen
                0x001038c0                switchScreen
 *(.gnu.warning)

.fini
 *(.fini)
                0x001038f5                PROVIDE (__etext, .)
                0x001038f5                PROVIDE (_etext, .)
                0x001038f5                PROVIDE (etext, .)

.rodata         0x001038f8      0x5ee
 *(.rodata .rodata.* .gnu.linkonce.r.*)
 .rodata.str1.1
                0x001038f8       0xdf build/Release/MinGW_ELF-Windows/1-Noyau_Main.o
 *fill*         0x001039d7        0x1 00
 .rodata.str1.4
                0x001039d8      0x227 build/Release/MinGW_ELF-Windows/1-Noyau_Main.o
 .rodata.str1.1
                0x00103bff       0x38 build/Release/MinGW_ELF-Windows/Allocation_Pages.o
 .rodata.str1.1
                0x00103c37       0x1f build/Release/MinGW_ELF-Windows/BitMap_Memoire.o
 *fill*         0x00103c56        0x2 00
 .rodata.str1.4
                0x00103c58       0x25 build/Release/MinGW_ELF-Windows/BitMap_Memoire.o
 .rodata.str1.1
                0x00103c7d      0x118 build/Release/MinGW_ELF-Windows/CallBack_Exception.o
                                0x11b (size before relaxing)
 .rodata.str1.1
                0x00103d95       0x5d build/Release/MinGW_ELF-Windows/CallBack_IRQ.o
 *fill*         0x00103df2        0x2 00
 .rodata        0x00103df4       0x14 build/Release/MinGW_ELF-Windows/CallBack_VIDEO.o
 .rodata.str1.1
                0x00103e08       0x2c build/Release/MinGW_ELF-Windows/Descripteurs.o
 .rodata.str1.1
                0x00103e34       0x7e build/Release/MinGW_ELF-Windows/Pagination.o
                                 0x80 (size before relaxing)
 *fill*         0x00103eb2        0x2 00
 .rodata.str1.4
                0x00103eb4       0x28 build/Release/MinGW_ELF-Windows/Screen_Manager.o
 .rodata.str1.1
                0x00103edc        0xa build/Release/MinGW_ELF-Windows/Screen_Manager.o

.rodata1
 *(.rodata1)

.eh_frame_hdr
 *(.eh_frame_hdr)

.eh_frame
 *(.eh_frame)

.gcc_except_table
 *(.gcc_except_table .gcc_except_table.*)
                0x00103ee6                . = (ALIGN (0x1000) - ((0x1000 - .) & 0xfff))
                0x00104000                . = (0x1000 DATA_SEGMENT_ALIGN 0x1000)

.eh_frame
 *(.eh_frame)

.gcc_except_table
 *(.gcc_except_table .gcc_except_table.*)

.tdata
 *(.tdata .tdata.* .gnu.linkonce.td.*)

.tbss
 *(.tbss .tbss.* .gnu.linkonce.tb.*)
 *(.tcommon)

.preinit_array  0x00104000        0x0
                0x00104000                PROVIDE (__preinit_array_start, .)
 *(.preinit_array)
                0x00104000                PROVIDE (__preinit_array_end, .)

.init_array     0x00104000        0x0
                0x00104000                PROVIDE (__init_array_start, .)
 *(SORT(.init_array.*))
 *(.init_array)
                0x00104000                PROVIDE (__init_array_end, .)

.fini_array     0x00104000        0x0
                0x00104000                PROVIDE (__fini_array_start, .)
 *(SORT(.fini_array.*))
 *(.fini_array)
                0x00104000                PROVIDE (__fini_array_end, .)

.ctors
 *crtbegin.o(.ctors)
 *crtbegin?.o(.ctors)
 *(EXCLUDE_FILE(*crtend?.o *crtend.o) .ctors)
 *(SORT(.ctors.*))
 *(.ctors)

.dtors
 *crtbegin.o(.dtors)
 *crtbegin?.o(.dtors)
 *(EXCLUDE_FILE(*crtend?.o *crtend.o) .dtors)
 *(SORT(.dtors.*))
 *(.dtors)

.jcr
 *(.jcr)

.data.rel.ro
 *(.data.rel.ro.local* .gnu.linkonce.d.rel.ro.local.*)
 *(.data.rel.ro* .gnu.linkonce.d.rel.ro.*)

.dynamic
 *(.dynamic)

.got
 *(.got)
 *(.igot)
                0x00104000                . = (. DATA_SEGMENT_RELRO_END 0xc)

.got.plt        0x00104000        0x0
 *(.got.plt)
 *(.igot.plt)
 .igot.plt      0x00000000        0x0 build/Release/MinGW_ELF-Windows/0-Noyau_Start.o

.data           0x00200000      0x13c
 *(.data .data.* .gnu.linkonce.d.*)
 .data          0x00200000        0x0 build/Release/MinGW_ELF-Windows/1-Noyau_Main.o
 .data          0x00200000        0x0 build/Release/MinGW_ELF-Windows/API.o
 .data          0x00200000        0x0 build/Release/MinGW_ELF-Windows/Allocation_Pages.o
 .data          0x00200000        0x4 build/Release/MinGW_ELF-Windows/BitMap_Memoire.o
                0x00200000                Nombre_Pages_Libres
 .data          0x00200004        0xc build/Release/MinGW_ELF-Windows/Buffer_Manager.o
                0x00200004                Buf_Attribut_Actuel
                0x00200008                Buf_Map_Video
                0x0020000c                Buf_Video
 .data          0x00200010        0x0 build/Release/MinGW_ELF-Windows/CallBack_Clavier.o
 .data          0x00200010        0x0 build/Release/MinGW_ELF-Windows/CallBack_Exception.o
 .data          0x00200010        0x0 build/Release/MinGW_ELF-Windows/CallBack_IRQ.o
 .data          0x00200010        0x0 build/Release/MinGW_ELF-Windows/CallBack_VIDEO.o
 .data          0x00200010        0x0 build/Release/MinGW_ELF-Windows/Descripteurs.o
 .data          0x00200010        0xc build/Release/MinGW_ELF-Windows/Ecran.o
                0x00200010                Attribut_Actuel
                0x00200014                Map_Video
                0x00200018                Video
 .data          0x0020001c        0x0 build/Release/MinGW_ELF-Windows/Init_GDT.o
 *fill*         0x0020001c        0x4 00
 .data          0x00200020      0x118 build/Release/MinGW_ELF-Windows/Init_IDT.o
                0x00200020                Association_INT
                0x00200040                Association_IRQ
                0x002000c0                Association_Exception
 .data          0x00200138        0x0 build/Release/MinGW_ELF-Windows/Init_TSS.o
 .data          0x00200138        0x4 build/Release/MinGW_ELF-Windows/Ordonnanceur.o
                0x00200138                Periode_Ordonnanceur
 .data          0x0020013c        0x0 build/Release/MinGW_ELF-Windows/Outils.o
 .data          0x0020013c        0x0 build/Release/MinGW_ELF-Windows/PIC_8259A.o
 .data          0x0020013c        0x0 build/Release/MinGW_ELF-Windows/Pagination.o
 .data          0x0020013c        0x0 build/Release/MinGW_ELF-Windows/Processus.o
 .data          0x0020013c        0x0 build/Release/MinGW_ELF-Windows/Screen_Manager.o

.data1
 *(.data1)
                0x0020013c                _edata = .
                0x0020013c                PROVIDE (edata, .)
                0x0020013c                __bss_start = .

.bss            0x00200140       0xbc
 *(.dynbss)
 *(.bss .bss.* .gnu.linkonce.b.*)
 .bss           0x00200140        0x0 build/Release/MinGW_ELF-Windows/1-Noyau_Main.o
 .bss           0x00200140        0x0 build/Release/MinGW_ELF-Windows/API.o
 .bss           0x00200140        0x0 build/Release/MinGW_ELF-Windows/Allocation_Pages.o
 .bss           0x00200140        0x0 build/Release/MinGW_ELF-Windows/BitMap_Memoire.o
 .bss           0x00200140        0x2 build/Release/MinGW_ELF-Windows/Buffer_Manager.o
                0x00200140                Buf_ECRAN_Curseur_Y
                0x00200141                Buf_ECRAN_Curseur_X
 *fill*         0x00200142        0x2 00
 .bss           0x00200144        0x0 build/Release/MinGW_ELF-Windows/CallBack_Clavier.o
 .bss           0x00200144        0x0 build/Release/MinGW_ELF-Windows/CallBack_Exception.o
 .bss           0x00200144        0x4 build/Release/MinGW_ELF-Windows/CallBack_IRQ.o
                0x00200144                Ctrl
 .bss           0x00200148        0x0 build/Release/MinGW_ELF-Windows/CallBack_VIDEO.o
 .bss           0x00200148        0x0 build/Release/MinGW_ELF-Windows/Descripteurs.o
 .bss           0x00200148        0x2 build/Release/MinGW_ELF-Windows/Ecran.o
                0x00200148                ECRAN_Curseur_Y
                0x00200149                ECRAN_Curseur_X
 *fill*         0x0020014a        0x2 00
 .bss           0x0020014c        0x0 build/Release/MinGW_ELF-Windows/Init_GDT.o
 .bss           0x0020014c        0x0 build/Release/MinGW_ELF-Windows/Init_IDT.o
 .bss           0x0020014c        0x0 build/Release/MinGW_ELF-Windows/Init_TSS.o
 .bss           0x0020014c        0x8 build/Release/MinGW_ELF-Windows/Ordonnanceur.o
                0x0020014c                Compteur_Tic_Ordonnanceur
                0x00200150                Numero_Process_Courrant
 .bss           0x00200154        0x0 build/Release/MinGW_ELF-Windows/Outils.o
 .bss           0x00200154        0x0 build/Release/MinGW_ELF-Windows/PIC_8259A.o
 .bss           0x00200154        0x0 build/Release/MinGW_ELF-Windows/Pagination.o
 .bss           0x00200154        0x0 build/Release/MinGW_ELF-Windows/Processus.o
 .bss           0x00200154        0x0 build/Release/MinGW_ELF-Windows/Screen_Manager.o
 *(COMMON)
 COMMON         0x00200154        0x4 build/Release/MinGW_ELF-Windows/Buffer_Manager.o
                0x00200154                Current_Buffer
 COMMON         0x00200158        0x6 build/Release/MinGW_ELF-Windows/Init_GDT.o
                0x00200158                Info_GDT
 COMMON         0x0020015e        0x6 build/Release/MinGW_ELF-Windows/Init_IDT.o
                0x0020015e                Info_IDT
 *fill*         0x00200164       0x1c 00
 COMMON         0x00200180       0x68 build/Release/MinGW_ELF-Windows/Init_TSS.o
                0x00200180                Le_TSS
 COMMON         0x002001e8        0xc build/Release/MinGW_ELF-Windows/Outils.o
                0x002001e8                Chaine_Temporaire_Char
 COMMON         0x002001f4        0x8 build/Release/MinGW_ELF-Windows/Screen_Manager.o
                0x002001f4                g_screenBuffers
                0x002001f8                g_pidOutScreens
                0x002001fc                . = ALIGN ((. != 0x0)?0x4:0x1)
                0x002001fc                . = ALIGN (0x4)
                0x002001fc                . = ALIGN (0x4)
                0x002001fc                _end = .
                0x002001fc                PROVIDE (end, .)
                0x002001fc                . = DATA_SEGMENT_END (.)

.stab
 *(.stab)

.stabstr
 *(.stabstr)

.stab.excl
 *(.stab.excl)

.stab.exclstr
 *(.stab.exclstr)

.stab.index
 *(.stab.index)

.stab.indexstr
 *(.stab.indexstr)

.comment        0x00000000       0x21
 *(.comment)
 .comment       0x00000000       0x21 build/Release/MinGW_ELF-Windows/1-Noyau_Main.o
                                 0x22 (size before relaxing)
 .comment       0x00000000       0x22 build/Release/MinGW_ELF-Windows/API.o
 .comment       0x00000000       0x22 build/Release/MinGW_ELF-Windows/Allocation_Pages.o
 .comment       0x00000000       0x22 build/Release/MinGW_ELF-Windows/BitMap_Memoire.o
 .comment       0x00000000       0x22 build/Release/MinGW_ELF-Windows/Buffer_Manager.o
 .comment       0x00000000       0x22 build/Release/MinGW_ELF-Windows/CallBack_Clavier.o
 .comment       0x00000000       0x22 build/Release/MinGW_ELF-Windows/CallBack_Exception.o
 .comment       0x00000000       0x22 build/Release/MinGW_ELF-Windows/CallBack_IRQ.o
 .comment       0x00000000       0x22 build/Release/MinGW_ELF-Windows/CallBack_VIDEO.o
 .comment       0x00000000       0x22 build/Release/MinGW_ELF-Windows/Descripteurs.o
 .comment       0x00000000       0x22 build/Release/MinGW_ELF-Windows/Ecran.o
 .comment       0x00000000       0x22 build/Release/MinGW_ELF-Windows/Init_GDT.o
 .comment       0x00000000       0x22 build/Release/MinGW_ELF-Windows/Init_IDT.o
 .comment       0x00000000       0x22 build/Release/MinGW_ELF-Windows/Init_TSS.o
 .comment       0x00000000       0x22 build/Release/MinGW_ELF-Windows/Ordonnanceur.o
 .comment       0x00000000       0x22 build/Release/MinGW_ELF-Windows/Outils.o
 .comment       0x00000000       0x22 build/Release/MinGW_ELF-Windows/PIC_8259A.o
 .comment       0x00000000       0x22 build/Release/MinGW_ELF-Windows/Pagination.o
 .comment       0x00000000       0x22 build/Release/MinGW_ELF-Windows/Processus.o
 .comment       0x00000000       0x22 build/Release/MinGW_ELF-Windows/Screen_Manager.o

.debug
 *(.debug)

.line
 *(.line)

.debug_srcinfo
 *(.debug_srcinfo)

.debug_sfnames
 *(.debug_sfnames)

.debug_aranges
 *(.debug_aranges)

.debug_pubnames
 *(.debug_pubnames)

.debug_info
 *(.debug_info .gnu.linkonce.wi.*)

.debug_abbrev
 *(.debug_abbrev)

.debug_line
 *(.debug_line)

.debug_frame
 *(.debug_frame)

.debug_str
 *(.debug_str)

.debug_loc
 *(.debug_loc)

.debug_macinfo
 *(.debug_macinfo)

.debug_weaknames
 *(.debug_weaknames)

.debug_funcnames
 *(.debug_funcnames)

.debug_typenames
 *(.debug_typenames)

.debug_varnames
 *(.debug_varnames)

.debug_pubtypes
 *(.debug_pubtypes)

.debug_ranges
 *(.debug_ranges)

.gnu.attributes
 *(.gnu.attributes)

/DISCARD/
 *(.note.GNU-stack)
 *(.gnu_debuglink)
 *(.gnu.lto_*)
OUTPUT(dist/Release/MinGW_ELF-Windows/noyau.jlv i586-pc-elf)
