
Allocating common symbols
Common symbol       size              file

Le_TSS              0x68              build/Release/MinGW_ELF-Windows/Init_TSS.o
Info_GDT            0x6               build/Release/MinGW_ELF-Windows/Init_GDT.o
Info_IDT            0x6               build/Release/MinGW_ELF-Windows/Init_IDT.o
Chaine_Temporaire_Char
                    0xc               build/Release/MinGW_ELF-Windows/Outils.o
Screen_Buffers      0x4               build/Release/MinGW_ELF-Windows/Buffer_Manager.o
g_screenBuffers     0x4               build/Release/MinGW_ELF-Windows/Screen_Manager.o
g_pidOutScreens     0x4               build/Release/MinGW_ELF-Windows/Screen_Manager.o

Memory Configuration

Name             Origin             Length             Attributes
*default*        0x00000000         0xffffffff

Linker script and memory map

LOAD build/Release/MinGW_ELF-Windows/0-Noyau_Start.o
LOAD build/Release/MinGW_ELF-Windows/1-Noyau_Main.o
LOAD build/Release/MinGW_ELF-Windows/API.o
LOAD build/Release/MinGW_ELF-Windows/Allocation_Pages.o
LOAD build/Release/MinGW_ELF-Windows/Appels_Systeme.o
LOAD build/Release/MinGW_ELF-Windows/BitMap_Memoire.o
LOAD build/Release/MinGW_ELF-Windows/Buffer_Manager.o
LOAD build/Release/MinGW_ELF-Windows/CallBack_Clavier.o
LOAD build/Release/MinGW_ELF-Windows/CallBack_Exception.o
LOAD build/Release/MinGW_ELF-Windows/CallBack_IRQ.o
LOAD build/Release/MinGW_ELF-Windows/CallBack_VIDEO.o
LOAD build/Release/MinGW_ELF-Windows/Commutation.o
LOAD build/Release/MinGW_ELF-Windows/Descripteurs.o
LOAD build/Release/MinGW_ELF-Windows/EXCEPTIONS.o
LOAD build/Release/MinGW_ELF-Windows/Ecran.o
LOAD build/Release/MinGW_ELF-Windows/HARD_8042_Clavier.o
LOAD build/Release/MinGW_ELF-Windows/HARD_8253_Timer.o
LOAD build/Release/MinGW_ELF-Windows/IRQ.o
LOAD build/Release/MinGW_ELF-Windows/Init_GDT.o
LOAD build/Release/MinGW_ELF-Windows/Init_IDT.o
LOAD build/Release/MinGW_ELF-Windows/Init_TSS.o
LOAD build/Release/MinGW_ELF-Windows/Ordonnanceur.o
LOAD build/Release/MinGW_ELF-Windows/Outils.o
LOAD build/Release/MinGW_ELF-Windows/PIC_8259A.o
LOAD build/Release/MinGW_ELF-Windows/Pagination.o
LOAD build/Release/MinGW_ELF-Windows/Processus.o
LOAD build/Release/MinGW_ELF-Windows/Screen_Manager.o
Address of section .text set to 0x100000
Address of section .data set to 0x200000
                0x08048000                PROVIDE (__executable_start, 0x8048000)
                0x08048074                . = (0x8048000 + SIZEOF_HEADERS)

.interp
 *(.interp)

.note.gnu.build-id
 *(.note.gnu.build-id)

.hash
 *(.hash)

.gnu.hash
 *(.gnu.hash)

.dynsym
 *(.dynsym)

.dynstr
 *(.dynstr)

.gnu.version
 *(.gnu.version)

.gnu.version_d
 *(.gnu.version_d)

.gnu.version_r
 *(.gnu.version_r)

.rel.dyn        0x08048074        0x0
 *(.rel.init)
 *(.rel.text .rel.text.* .rel.gnu.linkonce.t.*)
 .rel.text      0x00000000        0x0 build/Release/MinGW_ELF-Windows/0-Noyau_Start.o
 *(.rel.fini)
 *(.rel.rodata .rel.rodata.* .rel.gnu.linkonce.r.*)
 *(.rel.data.rel.ro* .rel.gnu.linkonce.d.rel.ro.*)
 *(.rel.data .rel.data.* .rel.gnu.linkonce.d.*)
 *(.rel.tdata .rel.tdata.* .rel.gnu.linkonce.td.*)
 *(.rel.tbss .rel.tbss.* .rel.gnu.linkonce.tb.*)
 *(.rel.ctors)
 *(.rel.dtors)
 *(.rel.got)
 *(.rel.bss .rel.bss.* .rel.gnu.linkonce.b.*)
 *(.rel.ifunc)

.rel.plt        0x08048074        0x0
 *(.rel.plt)
                0x08048074                PROVIDE (__rel_iplt_start, .)
 *(.rel.iplt)
 .rel.iplt      0x00000000        0x0 build/Release/MinGW_ELF-Windows/0-Noyau_Start.o
                0x08048074                PROVIDE (__rel_iplt_end, .)

.init
 *(.init)

.plt            0x08048074        0x0
 *(.plt)
 *(.iplt)
 .iplt          0x00000000        0x0 build/Release/MinGW_ELF-Windows/0-Noyau_Start.o

.text           0x00100000     0x3772
 *(.text.unlikely .text.*_unlikely)
 *(.text .stub .text.* .gnu.linkonce.t.*)
 .text          0x00100000       0x18 build/Release/MinGW_ELF-Windows/0-Noyau_Start.o
                0x00100000                _start
 *fill*         0x00100018        0x8 90909090
 .text          0x00100020      0x3ae build/Release/MinGW_ELF-Windows/1-Noyau_Main.o
                0x00100020                Affiche_Informations_Boot
                0x001000a0                Affiche_Message
                0x00100110                Processus_Idle
                0x00100120                Processus_1
                0x00100130                Processus_2
                0x00100140                Processus_3
                0x00100150                OS_Main
                0x00100380                OS_Start
 *fill*         0x001003ce        0x2 90909090
 .text          0x001003d0       0x6c build/Release/MinGW_ELF-Windows/API.o
                0x001003d0                API_clrscr
                0x001003f0                API_puts
                0x00100410                API_Multi_Caractere
                0x00100430                API_Attendre_Scan_Code
 *fill*         0x0010043c        0x4 90909090
 .text          0x00100440      0x143 build/Release/MinGW_ELF-Windows/Allocation_Pages.o
                0x00100440                Cherche_Page_Systeme_Libre
                0x00100490                Allouer_Pages
 *fill*         0x00100583        0xd 90909090
 .text          0x00100590       0x24 build/Release/MinGW_ELF-Windows/Appels_Systeme.o
                0x00100590                Appel_Systeme_Video
                0x001005aa                Appel_Systeme_Clavier
 *fill*         0x001005b4        0xc 90909090
 .text          0x001005c0       0xc0 build/Release/MinGW_ELF-Windows/BitMap_Memoire.o
                0x001005c0                Initialisation_BitMap_Memoire
 .text          0x00100680      0xd68 build/Release/MinGW_ELF-Windows/Buffer_Manager.o
                0x00100680                SetCurrentBuffers
                0x00100690                Buf_Efface_Ecran
                0x00100740                Buf_Remplir_Ecran
                0x00100800                Buf_Defilement_Haut
                0x001008c0                Buf_Positionne_Curseur
                0x00100920                Buf_Repositionne_Curseur
                0x00100a60                Buf_Affiche_Caractere
                0x00100ce0                Buf_Affiche_Chaine
                0x00100fe0                Buf_Regle_Couleur
                0x00100ff0                Buf_Donne_Curseur_X
                0x00101000                Buf_Donne_Curseur_Y
                0x00101010                Buf_Affiche_Liste_Caracteres
                0x001012c0                Buf_Charge_Buf_Actuel_To_Screen
                0x00101350                SetBuffer
 *fill*         0x001013e8        0x8 90909090
 .text          0x001013f0       0x3e build/Release/MinGW_ELF-Windows/CallBack_Clavier.o
                0x001013f0                CallBack_INT_Clavier
 *fill*         0x0010142e        0x2 90909090
 .text          0x00101430      0x2cc build/Release/MinGW_ELF-Windows/CallBack_Exception.o
                0x00101430                Affiche_Message_Exception
                0x001014f0                CallBack_Erreur_Division
                0x00101520                CallBack_Mise_Au_Point
                0x00101540                CallBack_INT3
                0x00101560                CallBack_Debordement
                0x00101580                CallBack_Limite
                0x001015a0                CallBack_CodeOP_Invalide
                0x001015c0                CallBack_DNA
                0x001015e0                CallBack_Double_Faute
                0x00101600                CallBack_Depassement
                0x00101620                CallBack_TSS_Invalide
                0x00101640                CallBack_Segment_Non_Present
                0x00101660                CallBack_Segment_Pile
                0x00101680                CallBack_Violation_Protection
                0x001016a0                CallBack_Defaut_De_Page
                0x001016c0                CallBack_CoProcesseur
                0x001016e0                CallBack_Exception_Par_Defaut
 *fill*         0x001016fc        0x4 90909090
 .text          0x00101700      0x2d8 build/Release/MinGW_ELF-Windows/CallBack_IRQ.o
                0x00101700                CallBack_IRQ0
                0x00101710                CallBack_IRQ1
                0x00101830                CallBack_IRQ3
                0x00101850                CallBack_IRQ4
                0x00101870                CallBack_IRQ5
                0x00101890                CallBack_IRQ6
                0x001018b0                CallBack_IRQ7
                0x001018c0                CallBack_IRQ8
                0x001018e0                CallBack_IRQ9
                0x00101900                CallBack_IRQ10
                0x00101920                CallBack_IRQ11
                0x00101940                CallBack_IRQ12
                0x00101960                CallBack_IRQ13
                0x00101980                CallBack_IRQ14
                0x001019a0                CallBack_IRQ15
                0x001019c0                CallBack_Defaut
 *fill*         0x001019d8        0x8 90909090
 .text          0x001019e0       0xf8 build/Release/MinGW_ELF-Windows/CallBack_VIDEO.o
                0x001019e0                CallBack_INT_Video
 *fill*         0x00101ad8        0x8 90909090
 .text          0x00101ae0       0x58 build/Release/MinGW_ELF-Windows/Commutation.o
                0x00101ae0                Commuter_Processus
 *fill*         0x00101b38        0x8 90909090
 .text          0x00101b40      0x2bf build/Release/MinGW_ELF-Windows/Descripteurs.o
                0x00101b40                Configure_Descripteur_Segment
                0x00101d70                Configure_Descripteur_Guichet
                0x00101dc0                Configure_TSS
 *fill*         0x00101dff        0x1 90909090
 .text          0x00101e00      0x1b0 build/Release/MinGW_ELF-Windows/EXCEPTIONS.o
                0x00101e00                Exception_Erreur_Division
                0x00101e1b                Exception_Mise_Au_Point
                0x00101e36                Exception_INT3
                0x00101e51                Exception_Debordement
                0x00101e6c                Exception_Limite
                0x00101e87                Exception_CodeOP_Invalide
                0x00101ea2                Exception_DNA
                0x00101ebd                Exception_Double_Faute
                0x00101ed8                Exception_Depassement
                0x00101ef3                Exception_TSS_Invalide
                0x00101f0e                Exception_Segment_Non_Present
                0x00101f29                Exception_Segment_Pile
                0x00101f44                Exception_Violation_Protection
                0x00101f5f                Exception_Defaut_De_Page
                0x00101f7a                Exception_CoProcesseur
                0x00101f95                Exception_Par_Defaut
 .text          0x00101fb0      0x722 build/Release/MinGW_ELF-Windows/Ecran.o
                0x00101fb0                Efface_Ecran
                0x00102000                Remplir_Ecran
                0x00102060                Defilement_Haut
                0x001020c0                Positionne_Curseur
                0x001020e0                Affiche_Curseur
                0x00102120                Repositionne_Curseur
                0x001021b0                Affiche_Caractere
                0x00102320                Affiche_Chaine
                0x00102500                Regle_Couleur
                0x00102510                Donne_Curseur_X
                0x00102520                Donne_Curseur_Y
                0x00102530                Affiche_Liste_Caracteres
 *fill*         0x001026d2        0xe 90909090
 .text          0x001026e0       0x24 build/Release/MinGW_ELF-Windows/HARD_8042_Clavier.o
                0x001026e0                Lecture_Scan_Code
                0x001026e3                Attendre_Scan_Code
                0x001026ee                Attendre_Touche_Relache
 *fill*         0x00102704        0xc 90909090
 .text          0x00102710       0x1c build/Release/MinGW_ELF-Windows/HARD_8253_Timer.o
                0x00102710                Initialisation_8253
 *fill*         0x0010272c        0x4 90909090
 .text          0x00102730      0x180 build/Release/MinGW_ELF-Windows/IRQ.o
                0x00102730                Interruption_IRQ0
                0x00102748                Interruption_IRQ1
                0x00102760                Interruption_IRQ3
                0x00102778                Interruption_IRQ4
                0x00102790                Interruption_IRQ5
                0x001027a8                Interruption_IRQ6
                0x001027c0                Interruption_IRQ7
                0x001027d8                Interruption_IRQ8
                0x001027f0                Interruption_IRQ9
                0x00102808                Interruption_IRQ10
                0x00102820                Interruption_IRQ11
                0x00102838                Interruption_IRQ12
                0x00102850                Interruption_IRQ13
                0x00102868                Interruption_IRQ14
                0x00102880                Interruption_IRQ15
 .text          0x001028b0      0x13e build/Release/MinGW_ELF-Windows/Init_GDT.o
                0x001028b0                Intialisation_Descripteurs_Noyau
                0x00102940                Initialisation_Descripteurs_Utilisateurs
                0x001029b0                Initialisation_GDT
 *fill*         0x001029ee        0x2 90909090
 .text          0x001029f0      0x16f build/Release/MinGW_ELF-Windows/Init_IDT.o
                0x001029f0                Configuration_Descripteurs_Exceptions
                0x00102a50                Configuration_Descripteurs_IRQ
                0x00102ab0                Configuration_Descripteurs_INT_Logicielles
                0x00102b00                Initialisation_IDT
 *fill*         0x00102b5f        0x1 90909090
 .text          0x00102b60       0x7e build/Release/MinGW_ELF-Windows/Init_TSS.o
                0x00102b60                Initialisation_TSS
 *fill*         0x00102bde        0x2 90909090
 .text          0x00102be0      0x183 build/Release/MinGW_ELF-Windows/Ordonnanceur.o
                0x00102be0                Ordonnanceur
                0x00102d10                Donne_La_Main_Au_Processus
 *fill*         0x00102d63        0xd 90909090
 .text          0x00102d70      0x12a build/Release/MinGW_ELF-Windows/Outils.o
                0x00102d70                Taille_Chaine
                0x00102d90                Entier_Vers_Chaine
                0x00102de0                Entier_Vers_Chaine_Hexa
                0x00102e60                Copier_Memoire
                0x00102e80                Initialise_Memoire
 *fill*         0x00102e9a        0x6 90909090
 .text          0x00102ea0       0x43 build/Release/MinGW_ELF-Windows/PIC_8259A.o
                0x00102ea0                Inititialisation_8259A
 *fill*         0x00102ee3        0xd 90909090
 .text          0x00102ef0      0x3e4 build/Release/MinGW_ELF-Windows/Pagination.o
                0x00102ef0                Creation_Tables_Pages_Process
                0x00102f70                Configuration_Repertoire_Tables_OS
                0x00103000                Configuration_Tables_De_Pages_OS
                0x001030b0                Donne_Adresse_Tables_Pages_Process
                0x001030d0                Donne_Adresse_Physique
                0x00103130                Associer_Virtuel_Physique
                0x00103240                Initialisation_Tables_Pages_Process
                0x001032b0                Initialisation_Pagination
 *fill*         0x001032d4        0xc 90909090
 .text          0x001032e0      0x1c6 build/Release/MinGW_ELF-Windows/Processus.o
                0x001032e0                Initialisation_Info_Processus
                0x00103330                Donne_Info_Processus
                0x00103350                Charge_Processus
                0x00103470                Copier_Memoire_Process
 *fill*         0x001034a6        0xa 90909090
 .text          0x001034b0      0x2c2 build/Release/MinGW_ELF-Windows/Screen_Manager.o
                0x001034b0                Initialisation_Multi_Screen
                0x00103530                getScreenIndexFromPid
                0x001035b0                ThisPidIsDisplayedOnTheCurentScreen
                0x001035d0                InitBuffer
                0x001036a0                BufferToScreen
                0x00103750                switchScreen
 *(.gnu.warning)

.fini
 *(.fini)
                0x00103772                PROVIDE (__etext, .)
                0x00103772                PROVIDE (_etext, .)
                0x00103772                PROVIDE (etext, .)

.rodata         0x00103774      0x5cb
 *(.rodata .rodata.* .gnu.linkonce.r.*)
 .rodata.str1.1
                0x00103774       0xdf build/Release/MinGW_ELF-Windows/1-Noyau_Main.o
 *fill*         0x00103853        0x1 00
 .rodata.str1.4
                0x00103854      0x227 build/Release/MinGW_ELF-Windows/1-Noyau_Main.o
 .rodata.str1.1
                0x00103a7b       0x38 build/Release/MinGW_ELF-Windows/Allocation_Pages.o
 .rodata.str1.1
                0x00103ab3       0x1f build/Release/MinGW_ELF-Windows/BitMap_Memoire.o
 *fill*         0x00103ad2        0x2 00
 .rodata.str1.4
                0x00103ad4       0x28 build/Release/MinGW_ELF-Windows/BitMap_Memoire.o
                                 0x25 (size before relaxing)
 .rodata.str1.1
                0x00103afc      0x118 build/Release/MinGW_ELF-Windows/CallBack_Exception.o
                                0x11b (size before relaxing)
 .rodata.str1.1
                0x00103c14       0x5d build/Release/MinGW_ELF-Windows/CallBack_IRQ.o
 *fill*         0x00103c71        0x3 00
 .rodata        0x00103c74       0x14 build/Release/MinGW_ELF-Windows/CallBack_VIDEO.o
 .rodata.str1.1
                0x00103c88       0x2c build/Release/MinGW_ELF-Windows/Descripteurs.o
 .rodata.str1.1
                0x00103cb4       0x7e build/Release/MinGW_ELF-Windows/Pagination.o
                                 0x80 (size before relaxing)
 .rodata.str1.1
                0x00103d32        0xd build/Release/MinGW_ELF-Windows/Screen_Manager.o

.rodata1
 *(.rodata1)

.eh_frame_hdr
 *(.eh_frame_hdr)

.eh_frame
 *(.eh_frame)

.gcc_except_table
 *(.gcc_except_table .gcc_except_table.*)
                0x00103d3f                . = (ALIGN (0x1000) - ((0x1000 - .) & 0xfff))
                0x00104000                . = (0x1000 DATA_SEGMENT_ALIGN 0x1000)

.eh_frame
 *(.eh_frame)

.gcc_except_table
 *(.gcc_except_table .gcc_except_table.*)

.tdata
 *(.tdata .tdata.* .gnu.linkonce.td.*)

.tbss
 *(.tbss .tbss.* .gnu.linkonce.tb.*)
 *(.tcommon)

.preinit_array  0x00104000        0x0
                0x00104000                PROVIDE (__preinit_array_start, .)
 *(.preinit_array)
                0x00104000                PROVIDE (__preinit_array_end, .)

.init_array     0x00104000        0x0
                0x00104000                PROVIDE (__init_array_start, .)
 *(SORT(.init_array.*))
 *(.init_array)
                0x00104000                PROVIDE (__init_array_end, .)

.fini_array     0x00104000        0x0
                0x00104000                PROVIDE (__fini_array_start, .)
 *(SORT(.fini_array.*))
 *(.fini_array)
                0x00104000                PROVIDE (__fini_array_end, .)

.ctors
 *crtbegin.o(.ctors)
 *crtbegin?.o(.ctors)
 *(EXCLUDE_FILE(*crtend?.o *crtend.o) .ctors)
 *(SORT(.ctors.*))
 *(.ctors)

.dtors
 *crtbegin.o(.dtors)
 *crtbegin?.o(.dtors)
 *(EXCLUDE_FILE(*crtend?.o *crtend.o) .dtors)
 *(SORT(.dtors.*))
 *(.dtors)

.jcr
 *(.jcr)

.data.rel.ro
 *(.data.rel.ro.local* .gnu.linkonce.d.rel.ro.local.*)
 *(.data.rel.ro* .gnu.linkonce.d.rel.ro.*)

.dynamic
 *(.dynamic)

.got
 *(.got)
 *(.igot)
                0x00104000                . = (. DATA_SEGMENT_RELRO_END 0xc)

.got.plt        0x00104000        0x0
 *(.got.plt)
 *(.igot.plt)
 .igot.plt      0x00000000        0x0 build/Release/MinGW_ELF-Windows/0-Noyau_Start.o

.data           0x00200000      0x13c
 *(.data .data.* .gnu.linkonce.d.*)
 .data          0x00200000        0x0 build/Release/MinGW_ELF-Windows/1-Noyau_Main.o
 .data          0x00200000        0x0 build/Release/MinGW_ELF-Windows/API.o
 .data          0x00200000        0x0 build/Release/MinGW_ELF-Windows/Allocation_Pages.o
 .data          0x00200000        0x4 build/Release/MinGW_ELF-Windows/BitMap_Memoire.o
                0x00200000                Nombre_Pages_Libres
 .data          0x00200004        0xc build/Release/MinGW_ELF-Windows/Buffer_Manager.o
                0x00200004                Buf_Attribut_Actuel
                0x00200008                Buf_Map_Video
                0x0020000c                Buf_Video
 .data          0x00200010        0x0 build/Release/MinGW_ELF-Windows/CallBack_Clavier.o
 .data          0x00200010        0x0 build/Release/MinGW_ELF-Windows/CallBack_Exception.o
 .data          0x00200010        0x0 build/Release/MinGW_ELF-Windows/CallBack_IRQ.o
 .data          0x00200010        0x0 build/Release/MinGW_ELF-Windows/CallBack_VIDEO.o
 .data          0x00200010        0x0 build/Release/MinGW_ELF-Windows/Descripteurs.o
 .data          0x00200010        0xc build/Release/MinGW_ELF-Windows/Ecran.o
                0x00200010                Attribut_Actuel
                0x00200014                Map_Video
                0x00200018                Video
 .data          0x0020001c        0x0 build/Release/MinGW_ELF-Windows/Init_GDT.o
 *fill*         0x0020001c        0x4 00
 .data          0x00200020      0x118 build/Release/MinGW_ELF-Windows/Init_IDT.o
                0x00200020                Association_INT
                0x00200040                Association_IRQ
                0x002000c0                Association_Exception
 .data          0x00200138        0x0 build/Release/MinGW_ELF-Windows/Init_TSS.o
 .data          0x00200138        0x4 build/Release/MinGW_ELF-Windows/Ordonnanceur.o
                0x00200138                Periode_Ordonnanceur
 .data          0x0020013c        0x0 build/Release/MinGW_ELF-Windows/Outils.o
 .data          0x0020013c        0x0 build/Release/MinGW_ELF-Windows/PIC_8259A.o
 .data          0x0020013c        0x0 build/Release/MinGW_ELF-Windows/Pagination.o
 .data          0x0020013c        0x0 build/Release/MinGW_ELF-Windows/Processus.o
 .data          0x0020013c        0x0 build/Release/MinGW_ELF-Windows/Screen_Manager.o

.data1
 *(.data1)
                0x0020013c                _edata = .
                0x0020013c                PROVIDE (edata, .)
                0x0020013c                __bss_start = .

.bss            0x00200140       0xbc
 *(.dynbss)
 *(.bss .bss.* .gnu.linkonce.b.*)
 .bss           0x00200140        0x0 build/Release/MinGW_ELF-Windows/1-Noyau_Main.o
 .bss           0x00200140        0x0 build/Release/MinGW_ELF-Windows/API.o
 .bss           0x00200140        0x0 build/Release/MinGW_ELF-Windows/Allocation_Pages.o
 .bss           0x00200140        0x0 build/Release/MinGW_ELF-Windows/BitMap_Memoire.o
 .bss           0x00200140        0x2 build/Release/MinGW_ELF-Windows/Buffer_Manager.o
                0x00200140                Buf_ECRAN_Curseur_Y
                0x00200141                Buf_ECRAN_Curseur_X
 *fill*         0x00200142        0x2 00
 .bss           0x00200144        0x0 build/Release/MinGW_ELF-Windows/CallBack_Clavier.o
 .bss           0x00200144        0x0 build/Release/MinGW_ELF-Windows/CallBack_Exception.o
 .bss           0x00200144        0x4 build/Release/MinGW_ELF-Windows/CallBack_IRQ.o
                0x00200144                Ctrl
 .bss           0x00200148        0x0 build/Release/MinGW_ELF-Windows/CallBack_VIDEO.o
 .bss           0x00200148        0x0 build/Release/MinGW_ELF-Windows/Descripteurs.o
 .bss           0x00200148        0x2 build/Release/MinGW_ELF-Windows/Ecran.o
                0x00200148                ECRAN_Curseur_Y
                0x00200149                ECRAN_Curseur_X
 *fill*         0x0020014a        0x2 00
 .bss           0x0020014c        0x0 build/Release/MinGW_ELF-Windows/Init_GDT.o
 .bss           0x0020014c        0x0 build/Release/MinGW_ELF-Windows/Init_IDT.o
 .bss           0x0020014c        0x0 build/Release/MinGW_ELF-Windows/Init_TSS.o
 .bss           0x0020014c        0x8 build/Release/MinGW_ELF-Windows/Ordonnanceur.o
                0x0020014c                Compteur_Tic_Ordonnanceur
                0x00200150                Numero_Process_Courrant
 .bss           0x00200154        0x0 build/Release/MinGW_ELF-Windows/Outils.o
 .bss           0x00200154        0x0 build/Release/MinGW_ELF-Windows/PIC_8259A.o
 .bss           0x00200154        0x0 build/Release/MinGW_ELF-Windows/Pagination.o
 .bss           0x00200154        0x0 build/Release/MinGW_ELF-Windows/Processus.o
 .bss           0x00200154        0x0 build/Release/MinGW_ELF-Windows/Screen_Manager.o
 *(COMMON)
 COMMON         0x00200154        0x4 build/Release/MinGW_ELF-Windows/Buffer_Manager.o
                0x00200154                Screen_Buffers
 COMMON         0x00200158        0x6 build/Release/MinGW_ELF-Windows/Init_GDT.o
                0x00200158                Info_GDT
 COMMON         0x0020015e        0x6 build/Release/MinGW_ELF-Windows/Init_IDT.o
                0x0020015e                Info_IDT
 *fill*         0x00200164       0x1c 00
 COMMON         0x00200180       0x68 build/Release/MinGW_ELF-Windows/Init_TSS.o
                0x00200180                Le_TSS
 COMMON         0x002001e8        0xc build/Release/MinGW_ELF-Windows/Outils.o
                0x002001e8                Chaine_Temporaire_Char
 COMMON         0x002001f4        0x8 build/Release/MinGW_ELF-Windows/Screen_Manager.o
                0x002001f4                g_screenBuffers
                0x002001f8                g_pidOutScreens
                0x002001fc                . = ALIGN ((. != 0x0)?0x4:0x1)
                0x002001fc                . = ALIGN (0x4)
                0x002001fc                . = ALIGN (0x4)
                0x002001fc                _end = .
                0x002001fc                PROVIDE (end, .)
                0x002001fc                . = DATA_SEGMENT_END (.)

.stab
 *(.stab)

.stabstr
 *(.stabstr)

.stab.excl
 *(.stab.excl)

.stab.exclstr
 *(.stab.exclstr)

.stab.index
 *(.stab.index)

.stab.indexstr
 *(.stab.indexstr)

.comment        0x00000000       0x21
 *(.comment)
 .comment       0x00000000       0x21 build/Release/MinGW_ELF-Windows/1-Noyau_Main.o
                                 0x22 (size before relaxing)
 .comment       0x00000000       0x22 build/Release/MinGW_ELF-Windows/API.o
 .comment       0x00000000       0x22 build/Release/MinGW_ELF-Windows/Allocation_Pages.o
 .comment       0x00000000       0x22 build/Release/MinGW_ELF-Windows/BitMap_Memoire.o
 .comment       0x00000000       0x22 build/Release/MinGW_ELF-Windows/Buffer_Manager.o
 .comment       0x00000000       0x22 build/Release/MinGW_ELF-Windows/CallBack_Clavier.o
 .comment       0x00000000       0x22 build/Release/MinGW_ELF-Windows/CallBack_Exception.o
 .comment       0x00000000       0x22 build/Release/MinGW_ELF-Windows/CallBack_IRQ.o
 .comment       0x00000000       0x22 build/Release/MinGW_ELF-Windows/CallBack_VIDEO.o
 .comment       0x00000000       0x22 build/Release/MinGW_ELF-Windows/Descripteurs.o
 .comment       0x00000000       0x22 build/Release/MinGW_ELF-Windows/Ecran.o
 .comment       0x00000000       0x22 build/Release/MinGW_ELF-Windows/Init_GDT.o
 .comment       0x00000000       0x22 build/Release/MinGW_ELF-Windows/Init_IDT.o
 .comment       0x00000000       0x22 build/Release/MinGW_ELF-Windows/Init_TSS.o
 .comment       0x00000000       0x22 build/Release/MinGW_ELF-Windows/Ordonnanceur.o
 .comment       0x00000000       0x22 build/Release/MinGW_ELF-Windows/Outils.o
 .comment       0x00000000       0x22 build/Release/MinGW_ELF-Windows/PIC_8259A.o
 .comment       0x00000000       0x22 build/Release/MinGW_ELF-Windows/Pagination.o
 .comment       0x00000000       0x22 build/Release/MinGW_ELF-Windows/Processus.o
 .comment       0x00000000       0x22 build/Release/MinGW_ELF-Windows/Screen_Manager.o

.debug
 *(.debug)

.line
 *(.line)

.debug_srcinfo
 *(.debug_srcinfo)

.debug_sfnames
 *(.debug_sfnames)

.debug_aranges
 *(.debug_aranges)

.debug_pubnames
 *(.debug_pubnames)

.debug_info
 *(.debug_info .gnu.linkonce.wi.*)

.debug_abbrev
 *(.debug_abbrev)

.debug_line
 *(.debug_line)

.debug_frame
 *(.debug_frame)

.debug_str
 *(.debug_str)

.debug_loc
 *(.debug_loc)

.debug_macinfo
 *(.debug_macinfo)

.debug_weaknames
 *(.debug_weaknames)

.debug_funcnames
 *(.debug_funcnames)

.debug_typenames
 *(.debug_typenames)

.debug_varnames
 *(.debug_varnames)

.debug_pubtypes
 *(.debug_pubtypes)

.debug_ranges
 *(.debug_ranges)

.gnu.attributes
 *(.gnu.attributes)

/DISCARD/
 *(.note.GNU-stack)
 *(.gnu_debuglink)
 *(.gnu.lto_*)
OUTPUT(dist/Release/MinGW_ELF-Windows/noyau.jlv i586-pc-elf)
